北京市	北京市
市辖区	市辖区
东城区	东城区
西城区	西城区
朝阳区	朝阳区
丰台区	丰台区
石景山区	石景山区
海淀区	海淀区
门头沟区	门头沟区
房山区	房山区
通州区	通州区
顺义区	顺义 	区
昌平区	昌平 	区
大兴区	大兴 	区
怀柔区	怀柔 	区
平谷区	平谷 	区
县	县
密云县	密云县
延庆县	延庆县
天津市	天津市
市辖区	市辖区
和平区	和平区
河东区	河东区
河西区	河西区
南开区	南开区
河北区	河北区
红桥区	红桥区
东丽区	东 	丽 	区
西青区	西青区
津南区	津南区
北辰区	北辰区
武清区	武 	清 	区
宝坻区	宝坻 	区
滨海新区	滨海 	新区
县	县
宁河县	宁河县
静海县	静海 	县
蓟县	蓟县
河北省	河北省
石家庄市	石家庄市
市辖区	市辖区
长安区	长安 	区
桥东区	桥 	东区
桥西区	桥 	西区
新华区	新华 	区
井陉矿区	井陉 	矿区
裕华区	裕华 	区
井陉县	井陉县
正定县	正定县
栾城县	栾城县
行唐县	行唐县
灵寿县	灵寿县
高邑县	高邑 	县
深泽县	深 	泽 	县
赞皇县	赞皇县
无极县	无 	极 	县
平山县	平山县
元氏县	元 	氏 	县
赵县	赵县
辛集市	辛集市
藁城市	藁城市
晋州市	晋州 	市
新乐市	新乐市
鹿泉市	鹿泉市
唐山市	唐山市
市辖区	市辖区
路南区	路 	南区
路北区	路 	北 	区
古冶区	古 	冶 	区
开平区	开 	平 	区
丰南区	丰 	南区
丰润区	丰润 	区
曹妃甸区	曹 	妃 	甸 	区
滦县	滦县
滦南县	滦 	南县
乐亭县	乐亭县
迁西县	迁 	西 	县
玉田县	玉田县
遵化市	遵化市
迁安市	迁安市
秦皇岛市	秦皇岛市
市辖区	市辖区
海港区	海港 	区
山海关区	山海关区
北戴河区	北戴河 	区
青龙满族自治县	青 	龙 	满族 	自治县
昌黎县	昌黎县
抚宁县	抚 	宁 	县
卢龙县	卢 	龙 	县
邯郸市	邯郸市
市辖区	市辖区
邯山区	邯 	山区
丛台区	丛台区
复兴区	复兴 	区
峰峰矿区	峰峰 	矿区
邯郸县	邯郸县
临漳县	临漳县
成安县	成 	安 	县
大名县	大名县
涉县	涉县
磁县	磁 	县
肥乡县	肥乡县
永年县	永年县
邱县	邱县
鸡泽县	鸡 	泽 	县
广平县	广 	平 	县
馆陶县	馆陶县
魏县	魏县
曲周县	曲 	周 	县
武安市	武安市
邢台市	邢台市
市辖区	市辖区
桥东区	桥 	东区
桥西区	桥 	西区
邢台县	邢台县
临城县	临 	城 	县
内丘县	内丘县
柏乡县	柏 	乡 	县
隆尧县	隆尧县
任县	任 	县
南和县	南 	和 	县
宁晋县	宁晋县
巨鹿县	巨 	鹿 	县
新河县	新河县
广宗县	广 	宗 	县
平乡县	平乡县
威县	威县
清河县	清河县
临西县	临西县
南宫市	南宫 	市
沙河市	沙河市
保定市	保定市
市辖区	市辖区
新市区	新 	市区
北市区	北 	市区
南市区	南市区
满城县	满城县
清苑县	清 	苑 	县
涞水县	涞 	水 	县
阜平县	阜平县
徐水县	徐水县
定兴县	定兴县
唐县	唐 	县
高阳县	高阳县
容城县	容城 	县
涞源县	涞源县
望都县	望都县
安新县	安 	新 	县
易县	易县
曲阳县	曲阳县
蠡县	蠡 	县
顺平县	顺平县
博野县	博野县
雄县	雄 	县
涿州市	涿州市
定州市	定州市
安国市	安国 	市
高碑店市	高碑店市
张家口市	张家口市
市辖区	市辖区
桥东区	桥 	东区
桥西区	桥 	西区
宣化区	宣化 	区
下花园区	下 	花园 	区
宣化县	宣化 	县
张北县	张北县
康保县	康 	保 	县
沽源县	沽源县
尚义县	尚义县
蔚县	蔚县
阳原县	阳 	原 	县
怀安县	怀 	安 	县
万全县	万 	全县
怀来县	怀来县
涿鹿县	涿鹿县
赤城县	赤 	城 	县
崇礼县	崇 	礼 	县
承德市	承德市
市辖区	市辖区
双桥区	双 	桥 	区
双滦区	双 	滦 	区
鹰手营子矿区	鹰 	手 	营 	子 	矿区
承德县	承德 	县
兴隆县	兴隆 	县
平泉县	平 	泉 	县
滦平县	滦平县
隆化县	隆化县
丰宁满族自治县	丰宁 	满族 	自治县
宽城满族自治县	宽城 	满族 	自治县
围场满族蒙古族自治县	围 	场 	满族 	蒙古族 	自治县
沧州市	沧州市
市辖区	市辖区
新华区	新华 	区
运河区	运河 	区
沧县	沧县
青县	青 	县
东光县	东 	光 	县
海兴县	海 	兴 	县
盐山县	盐 	山 	县
肃宁县	肃 	宁 	县
南皮县	南 	皮 	县
吴桥县	吴桥县
献县	献县
孟村回族自治县	孟 	村 	回族 	自治县
泊头市	泊头 	市
任丘市	任丘 	市
黄骅市	黄骅市
河间市	河间市
廊坊市	廊坊市
市辖区	市辖区
安次区	安 	次 	区
广阳区	广 	阳 	区
固安县	固 	安 	县
永清县	永清县
香河县	香河县
大城县	大城 	县
文安县	文安 	县
大厂回族自治县	大厂 	回族 	自治县
霸州市	霸州市
三河市	三河市
衡水市	衡水市
市辖区	市辖区
桃城区	桃城区
枣强县	枣 	强 	县
武邑县	武邑县
武强县	武 	强 	县
饶阳县	饶 	阳 	县
安平县	安 	平 	县
故城县	故城县
景县	景 	县
阜城县	阜 	城 	县
冀州市	冀州市
深州市	深 	州 	市
山西省	山西省
太原市	太原市
市辖区	市辖区
小店区	小 	店 	区
迎泽区	迎泽 	区
杏花岭区	杏花 	岭 	区
尖草坪区	尖草坪区
万柏林区	万 	柏林 	区
晋源区	晋 	源 	区
清徐县	清徐县
阳曲县	阳 	曲 	县
娄烦县	娄 	烦 	县
古交市	古交 	市
大同市	大同市
市辖区	市辖区
城区	城区
矿区	矿区
南郊区	南 	郊区
新荣区	新 	荣 	区
阳高县	阳高县
天镇县	天 	镇 	县
广灵县	广 	灵 	县
灵丘县	灵丘县
浑源县	浑源县
左云县	左云县
大同县	大同 	县
阳泉市	阳泉市
市辖区	市辖区
城区	城区
矿区	矿区
郊区	郊区
平定县	平定县
盂县	盂县
长治市	长治市
市辖区	市辖区
城区	城区
郊区	郊区
长治县	长治 	县
襄垣县	襄 	垣 	县
屯留县	屯 	留 	县
平顺县	平顺县
黎城县	黎 	城 	县
壶关县	壶关县
长子县	长子县
武乡县	武乡县
沁县	沁县
沁源县	沁源县
潞城市	潞 	城市
晋城市	晋城市
晋城市市辖区	晋城市 	市辖区
城区	城区
沁水县	沁 	水 	县
阳城县	阳城县
陵川县	陵 	川 	县
泽州县	泽州县
高平市	高平 	市
朔州市	朔州市
市辖区	市辖区
朔城区	朔城区
平鲁区	平鲁区
山阴县	山 	阴 	县
应县	应县
右玉县	右 	玉 	县
怀仁县	怀 	仁 	县
晋中市	晋中 	市
市辖区	市辖区
榆次区	榆次 	区
榆社县	榆 	社 	县
左权县	左权县
和顺县	和顺县
昔阳县	昔 	阳 	县
寿阳县	寿 	阳 	县
太谷县	太谷县
祁县	祁 	县
平遥县	平遥县
灵石县	灵石县
介休市	介休市
运城市	运城市
市辖区	市辖区
盐湖区	盐湖 	区
临猗县	临猗县
万荣县	万 	荣 	县
闻喜县	闻喜县
稷山县	稷山县
新绛县	新绛县
绛县	绛县
垣曲县	垣曲县
夏县	夏县
平陆县	平 	陆 	县
芮城县	芮城县
永济市	永济市
河津市	河津市
忻州市	忻州市
市辖区	市辖区
忻府区	忻 	府 	区
定襄县	定襄县
五台县	五台县
代县	代 	县
繁峙县	繁峙县
宁武县	宁 	武 	县
静乐县	静乐县
神池县	神 	池 	县
五寨县	五 	寨 	县
岢岚县	岢 	岚 	县
河曲县	河曲县
保德县	保 	德 	县
偏关县	偏关 	县
原平市	原平市
临汾市	临汾市
市辖区	市辖区
尧都区	尧 	都 	区
曲沃县	曲沃 	县
翼城县	翼城县
襄汾县	襄 	汾 	县
洪洞县	洪洞县
古县	古县
安泽县	安 	泽 	县
浮山县	浮山 	县
吉县	吉 	县
乡宁县	乡宁县
大宁县	大宁 	县
隰县	隰 	县
永和县	永 	和 	县
蒲县	蒲 	县
汾西县	汾 	西 	县
侯马市	侯马 	市
霍州市	霍 	州 	市
吕梁市	吕梁 	市
市辖区	市辖区
离石区	离石 	区
文水县	文水县
交城县	交 	城 	县
兴县	兴 	县
临县	临县
柳林县	柳林县
石楼县	石 	楼 	县
岚县	岚 	县
方山县	方山县
中阳县	中阳 	县
交口县	交口县
孝义市	孝义 	市
汾阳市	汾阳市
内蒙古自治区	内蒙古 	自治区
呼和浩特市	呼和浩特市
市辖区	市辖区
新城区	新 	城区
回民区	回民 	区
玉泉区	玉泉区
赛罕区	赛 	罕 	区
土默特左旗	土 	默 	特 	左 	旗
托克托县	托克托 	县
和林格尔县	和 	林 	格 	尔 	县
清水河县	清水河 	县
武川县	武 	川 	县
包头市	包头市
市辖区	市辖区
东河区	东 	河 	区
昆都仑区	昆 	都 	仑 	区
青山区	青山区
石拐区	石 	拐 	区
白云鄂博矿区	白云 	鄂 	博 	矿区
九原区	九 	原 	区
土默特右旗	土 	默 	特 	右 	旗
固阳县	固 	阳 	县
达尔罕茂明安联合旗	达 	尔 	罕 	茂 	明 	安 	联合 	旗
乌海市	乌海市
市辖区	市辖区
海勃湾区	海 	勃 	湾 	区
海南区	海南 	区
乌达区	乌 	达 	区
赤峰市	赤峰市
市辖区	市辖区
红山区	红 	山区
元宝山区	元宝 	山区
松山区	松 	山区
阿鲁科尔沁旗	阿 	鲁 	科尔沁 	旗
巴林左旗	巴林 	左 	旗
巴林右旗	巴林 	右 	旗
林西县	林 	西 	县
克什克腾旗	克 	什 	克 	腾 	旗
翁牛特旗	翁牛特旗
喀喇沁旗	喀 	喇 	沁 	旗
宁城县	宁城县
敖汉旗	敖汉旗
通辽市	通辽市
市辖区	市辖区
科尔沁区	科尔沁 	区
科尔沁左翼中旗	科尔沁 	左翼 	中 	旗
科尔沁左翼后旗	科尔沁 	左翼 	后 	旗
开鲁县	开 	鲁 	县
库伦旗	库 	伦 	旗
奈曼旗	奈 	曼 	旗
扎鲁特旗	扎 	鲁 	特 	旗
霍林郭勒市	霍林郭勒 	市
鄂尔多斯市	鄂尔多斯 	市
市辖区	市辖区
东胜区	东胜 	区
达拉特旗	达拉特旗
准格尔旗	准格尔 	旗
鄂托克前旗	鄂托克 	前 	旗
鄂托克旗	鄂托克 	旗
杭锦旗	杭 	锦旗
乌审旗	乌 	审 	旗
伊金霍洛旗	伊 	金 	霍 	洛 	旗
呼伦贝尔市	呼伦贝尔 	市
市辖区	市辖区
海拉尔区	海拉尔 	区
阿荣旗	阿 	荣 	旗
莫力达瓦达斡尔族自治旗	莫力达瓦 	达斡尔族 	自治 	旗
鄂伦春自治旗	鄂 	伦 	春 	自治 	旗
鄂温克族自治旗	鄂温克族 	自治 	旗
陈巴尔虎旗	陈 	巴 	尔 	虎 	旗
新巴尔虎左旗	新 	巴 	尔 	虎 	左 	旗
新巴尔虎右旗	新 	巴 	尔 	虎 	右 	旗
满洲里市	满洲里 	市
牙克石市	牙克石 	市
扎兰屯市	扎兰屯 	市
额尔古纳市	额 	尔 	古 	纳 	市
根河市	根 	河 	市
巴彦淖尔市	巴 	彦 	淖 	尔 	市
市辖区	市辖区
临河区	临河 	区
五原县	五原 	县
磴口县	磴口县
乌拉特前旗	乌拉 	特 	前 	旗
乌拉特中旗	乌拉 	特 	中 	旗
乌拉特后旗	乌拉 	特 	后 	旗
杭锦后旗	杭 	锦 	后 	旗
乌兰察布市	乌 	兰 	察 	布市
市辖区	市辖区
集宁区	集宁 	区
卓资县	卓 	资 	县
化德县	化 	德 	县
商都县	商 	都 	县
兴和县	兴 	和 	县
凉城县	凉 	城 	县
察哈尔右翼前旗	察哈尔 	右翼 	前 	旗
察哈尔右翼中旗	察哈尔 	右翼 	中 	旗
察哈尔右翼后旗	察哈尔 	右翼 	后 	旗
四子王旗	四 	子 	王 	旗
丰镇市	丰 	镇 	市
兴安盟	兴安盟
乌兰浩特市	乌兰浩特市
阿尔山市	阿尔山 	市
科尔沁右翼前旗	科尔沁 	右翼 	前 	旗
科尔沁右翼中旗	科尔沁 	右翼 	中 	旗
扎赉特旗	扎 	赉 	特 	旗
突泉县	突 	泉 	县
锡林郭勒盟	锡林郭勒盟
二连浩特市	二连浩特 	市
锡林浩特市	锡林浩特 	市
阿巴嘎旗	阿 	巴 	嘎 	旗
苏尼特左旗	苏尼特左旗
苏尼特右旗	苏 	尼 	特 	右 	旗
东乌珠穆沁旗	东 	乌 	珠 	穆 	沁 	旗
西乌珠穆沁旗	西 	乌 	珠 	穆 	沁 	旗
太仆寺旗	太 	仆 	寺 	旗
镶黄旗	镶 	黄 	旗
正镶白旗	正 	镶 	白旗
正蓝旗	正 	蓝 	旗
多伦县	多 	伦 	县
阿拉善盟	阿拉善盟
阿拉善左旗	阿拉善 	左 	旗
阿拉善右旗	阿拉善 	右 	旗
额济纳旗	额 	济 	纳 	旗
辽宁省	辽宁省
沈阳市	沈阳市
市辖区	市辖区
和平区	和平区
沈河区	沈 	河 	区
大东区	大东区
皇姑区	皇姑区
铁西区	铁西区
苏家屯区	苏家屯 	区
东陵区	东陵区
沈北新区	沈 	北 	新区
于洪区	于洪区
辽中县	辽中县
康平县	康 	平 	县
法库县	法 	库 	县
新民市	新民 	市
大连市	大连市
市辖区	市辖区
中山区	中 	山区
西岗区	西岗区
沙河口区	沙河 	口 	区
甘井子区	甘 	井 	子 	区
旅顺口区	旅顺口 	区
金州区	金州 	区
长海县	长 	海 	县
瓦房店市	瓦房店市
普兰店市	普兰店市
庄河市	庄河市
鞍山市	鞍山市
市辖区	市辖区
铁东区	铁 	东区
铁西区	铁西区
立山区	立 	山区
千山区	千 	山区
台安县	台安县
岫岩满族自治县	岫岩 	满族 	自治县
海城市	海城市
抚顺市	抚顺市
市辖区	市辖区
新抚区	新 	抚 	区
东洲区	东 	洲 	区
望花区	望花区
顺城区	顺城区
抚顺县	抚顺 	县
新宾满族自治县	新宾 	满族 	自治县
清原满族自治县	清 	原 	满族 	自治县
本溪市	本溪市
市辖区	市辖区
平山区	平山区
溪湖区	溪 	湖 	区
明山区	明 	山区
南芬区	南 	芬 	区
本溪满族自治县	本溪 	满族 	自治县
桓仁满族自治县	桓仁 	满族 	自治县
丹东市	丹东市
市辖区	市辖区
元宝区	元宝 	区
振兴区	振兴 	区
振安区	振 	安 	区
宽甸满族自治县	宽 	甸 	满族 	自治县
东港市	东港市
凤城市	凤 	城市
锦州市	锦州市
市辖区	市辖区
古塔区	古 	塔 	区
凌河区	凌河 	区
太和区	太和 	区
黑山县	黑山县
义县	义县
凌海市	凌海市
北镇市	北 	镇 	市
营口市	营口市
市辖区	市辖区
站前区	站 	前 	区
西市区	西 	市区
鲅鱼圈区	鲅鱼圈区
老边区	老 	边区
盖州市	盖州市
大石桥市	大 	石桥 	市
阜新市	阜新市
市辖区	市辖区
海州区	海 	州 	区
新邱区	新 	邱 	区
太平区	太平 	区
清河门区	清河 	门 	区
细河区	细 	河 	区
阜新蒙古族自治县	阜新 	蒙古族 	自治县
彰武县	彰 	武 	县
辽阳市	辽阳市
市辖区	市辖区
白塔区	白塔 	区
文圣区	文 	圣 	区
宏伟区	宏伟 	区
弓长岭区	弓 	长岭 	区
太子河区	太子 	河 	区
辽阳县	辽阳县
灯塔市	灯塔市
盘锦市	盘锦市
市辖区	市辖区
双台子区	双 	台子 	区
兴隆台区	兴隆 	台 	区
大洼县	大洼县
盘山县	盘山县
铁岭市	铁岭市
市辖区	市辖区
银州区	银 	州 	区
清河区	清河 	区
铁岭县	铁岭 	县
西丰县	西丰 	县
昌图县	昌 	图 	县
调兵山市	调 	兵 	山 	市
开原市	开原市
朝阳市	朝阳市
市辖区	市辖区
双塔区	双 	塔 	区
龙城区	龙 	城区
朝阳县	朝阳 	县
建平县	建 	平 	县
喀喇沁左翼蒙古族自治县	喀喇沁左翼 	蒙古族 	自治县
北票市	北票市
凌源市	凌源市
葫芦岛市	葫芦岛市
市辖区	市辖区
连山区	连 	山区
龙港区	龙港 	区
南票区	南 	票 	区
绥中县	绥 	中 	县
建昌县	建昌县
兴城市	兴 	城市
吉林省	吉林省
长春市	长春市
市辖区	市辖区
南关区	南关区
宽城区	宽 	城区
朝阳区	朝阳区
二道区	二 	道 	区
绿园区	绿园区
双阳区	双 	阳 	区
农安县	农安县
九台市	九台市
榆树市	榆树市
德惠市	德惠市
吉林市	吉林市
市辖区	市辖区
昌邑区	昌 	邑 	区
龙潭区	龙潭 	区
船营区	船 	营区
丰满区	丰满 	区
永吉县	永 	吉 	县
蛟河市	蛟河市
桦甸市	桦甸市
舒兰市	舒 	兰 	市
磐石市	磐石 	市
四平市	四平市
市辖区	市辖区
铁西区	铁西区
铁东区	铁 	东区
梨树县	梨树 	县
伊通满族自治县	伊 	通 	满族 	自治县
公主岭市	公主岭市
双辽市	双 	辽 	市
辽源市	辽源市
市辖区	市辖区
龙山区	龙 	山区
西安区	西安区
东丰县	东丰县
东辽县	东 	辽 	县
通化市	通化市
市辖区	市辖区
东昌区	东 	昌 	区
二道江区	二 	道 	江 	区
通化县	通化 	县
辉南县	辉 	南县
柳河县	柳河 	县
梅河口市	梅河口市
集安市	集安 	市
白山市	白山市
市辖区	市辖区
浑江区	浑江 	区
江源区	江 	源 	区
抚松县	抚 	松 	县
靖宇县	靖 	宇 	县
长白朝鲜族自治县	长白 	朝鲜族 	自治县
临江市	临江 	市
松原市	松原 	市
市辖区	市辖区
宁江区	宁 	江 	区
前郭尔罗斯蒙古族自治县	前 	郭 	尔 	罗 	斯 	蒙古族 	自治县
长岭县	长岭 	县
乾安县	乾 	安 	县
扶余县	扶余 	县
白城市	白城市
市辖区	市辖区
洮北区	洮 	北 	区
镇赉县	镇 	赉 	县
通榆县	通榆县
洮南市	洮南 	市
大安市	大安 	市
延边朝鲜族自治州	延边 	朝鲜族 	自治州
延吉市	延吉市
图们市	图们 	市
敦化市	敦化 	市
珲春市	珲春市
龙井市	龙井 	市
和龙市	和龙 	市
汪清县	汪 	清 	县
安图县	安 	图 	县
黑龙江省	黑龙江省
哈尔滨市	哈尔滨市
市辖区	市辖区
道里区	道里区
南岗区	南岗区
道外区	道外区
平房区	平房 	区
松北区	松 	北 	区
香坊区	香 	坊 	区
呼兰区	呼 	兰 	区
阿城区	阿 	城区
依兰县	依 	兰 	县
方正县	方正 	县
宾县	宾 	县
巴彦县	巴 	彦 	县
木兰县	木兰 	县
通河县	通 	河 	县
延寿县	延寿县
双城市	双 	城市
尚志市	尚志市
五常市	五常市
齐齐哈尔市	齐齐哈尔市
市辖区	市辖区
龙沙区	龙 	沙 	区
建华区	建华 	区
铁锋区	铁 	锋 	区
昂昂溪区	昂 	昂 	溪 	区
富拉尔基区	富拉尔基 	区
碾子山区	碾子 	山区
梅里斯达斡尔族区	梅 	里 	斯 	达斡尔族 	区
龙江县	龙江 	县
依安县	依 	安 	县
泰来县	泰 	来 	县
甘南县	甘 	南县
富裕县	富裕 	县
克山县	克山 	县
克东县	克 	东 	县
拜泉县	拜泉县
讷河市	讷河市
鸡西市	鸡西市
市辖区	市辖区
鸡冠区	鸡冠 	区
恒山区	恒 	山区
滴道区	滴 	道 	区
梨树区	梨树 	区
城子河区	城 	子 	河 	区
麻山区	麻 	山区
鸡东县	鸡 	东 	县
虎林市	虎林市
密山市	密山 	市
鹤岗市	鹤岗市
市辖区	市辖区
向阳区	向阳 	区
工农区	工农 	区
南山区	南山区
兴安区	兴安 	区
东山区	东山区
兴山区	兴山区
萝北县	萝 	北 	县
绥滨县	绥滨县
双鸭山市	双鸭山 	市
市辖区	市辖区
尖山区	尖 	山区
岭东区	岭 	东区
四方台区	四方 	台 	区
宝山区	宝 	山区
集贤县	集 	贤 	县
友谊县	友谊 	县
宝清县	宝 	清 	县
饶河县	饶 	河 	县
大庆市	大庆市
市辖区	市辖区
萨尔图区	萨 	尔 	图 	区
龙凤区	龙凤区
让胡路区	让 	胡 	路 	区
红岗区	红 	岗区
大同区	大同 	区
肇州县	肇 	州 	县
肇源县	肇 	源 	县
林甸县	林 	甸 	县
杜尔伯特蒙古族自治县	杜尔伯特 	蒙古族 	自治县
伊春市	伊春市
市辖区	市辖区
伊春区	伊春 	区
南岔区	南 	岔 	区
友好区	友好 	区
西林区	西 	林区
翠峦区	翠 	峦 	区
新青区	新 	青 	区
美溪区	美 	溪 	区
金山屯区	金山 	屯 	区
五营区	五 	营区
乌马河区	乌 	马 	河 	区
汤旺河区	汤 	旺 	河 	区
带岭区	带 	岭 	区
乌伊岭区	乌 	伊 	岭 	区
红星区	红星 	区
上甘岭区	上甘岭 	区
嘉荫县	嘉 	荫 	县
铁力市	铁力 	市
佳木斯市	佳木斯市
市辖区	市辖区
向阳区	向阳 	区
前进区	前进 	区
东风区	东风 	区
郊区	郊区
桦南县	桦南县
桦川县	桦 	川 	县
汤原县	汤 	原 	县
抚远县	抚 	远 	县
同江市	同江 	市
富锦市	富锦市
七台河市	七台河 	市
市辖区	市辖区
新兴区	新兴 	区
桃山区	桃 	山区
茄子河区	茄子 	河 	区
勃利县	勃 	利 	县
牡丹江市	牡丹江市
市辖区	市辖区
东安区	东安 	区
阳明区	阳 	明 	区
爱民区	爱民 	区
西安区	西安区
东宁县	东 	宁 	县
林口县	林口县
绥芬河市	绥芬河市
海林市	海林市
宁安市	宁 	安 	市
穆棱市	穆棱市
黑河市	黑河市
市辖区	市辖区
爱辉区	爱 	辉 	区
嫩江县	嫩江 	县
逊克县	逊克 	县
孙吴县	孙 	吴 	县
北安市	北安市
五大连池市	五大连池 	市
绥化市	绥化市
市辖区	市辖区
北林区	北 	林区
望奎县	望 	奎 	县
兰西县	兰 	西 	县
青冈县	青冈县
庆安县	庆安县
明水县	明 	水 	县
绥棱县	绥棱县
安达市	安达市
肇东市	肇东市
海伦市	海 	伦 	市
大兴安岭地区	大兴安岭 	地区
呼玛县	呼 	玛 	县
塔河县	塔河 	县
漠河县	漠河 	县
上海市	上海市
市辖区	市辖区
黄浦区	黄浦区
徐汇区	徐汇区
长宁区	长宁区
静安区	静 	安 	区
普陀区	普陀区
闸北区	闸北 	区
虹口区	虹口区
杨浦区	杨浦区
闵行区	闵行区
宝山区	宝 	山区
嘉定区	嘉定区
浦东新区	浦东 	新区
金山区	金 	山区
松江区	松江 	区
青浦区	青浦 	区
奉贤区	奉 	贤 	区
县	县
崇明县	崇明县
江苏省	江苏省
南京市	南京市
市辖区	市辖区
玄武区	玄 	武 	区
白下区	白 	下 	区
秦淮区	秦 	淮 	区
建邺区	建 	邺 	区
鼓楼区	鼓楼区
下关区	下关 	区
浦口区	浦口 	区
栖霞区	栖 	霞 	区
雨花台区	雨花台 	区
江宁区	江 	宁 	区
六合区	六合 	区
溧水县	溧水县
高淳县	高 	淳 	县
无锡市	无锡市
市辖区	市辖区
崇安区	崇 	安 	区
南长区	南 	长 	区
北塘区	北 	塘 	区
锡山区	锡山 	区
惠山区	惠 	山区
滨湖区	滨湖 	区
江阴市	江阴市
宜兴市	宜兴市
徐州市	徐州市
市辖区	市辖区
鼓楼区	鼓楼区
云龙区	云 	龙 	区
贾汪区	贾 	汪 	区
泉山区	泉 	山区
铜山区	铜 	山区
丰县	丰县
沛县	沛县
睢宁县	睢 	宁 	县
新沂市	新沂市
邳州市	邳州市
常州市	常州市
市辖区	市辖区
天宁区	天 	宁 	区
钟楼区	钟楼 	区
戚墅堰区	戚 	墅 	堰 	区
新北区	新 	北 	区
武进区	武 	进 	区
溧阳市	溧阳市
金坛市	金坛市
苏州市	苏州市
市辖区	市辖区
虎丘区	虎 	丘 	区
吴中区	吴 	中 	区
相城区	相 	城区
姑苏区	姑苏 	区
吴江区	吴江 	区
常熟市	常熟市
张家港市	张家港市
昆山市	昆山市
太仓市	太仓市
南通市	南通市
市辖区	市辖区
崇川区	崇 	川 	区
港闸区	港 	闸 	区
通州区	通州区
海安县	海安县
如东县	如东县
启东市	启 	东 	市
如皋市	如皋市
海门市	海门 	市
连云港市	连云港市
市辖区	市辖区
连云区	连 	云 	区
新浦区	新浦 	区
海州区	海 	州 	区
赣榆县	赣榆县
东海县	东海县
灌云县	灌 	云 	县
灌南县	灌 	南县
淮安市	淮安市
市辖区	市辖区
清河区	清河 	区
淮安区	淮安 	区
淮阴区	淮阴 	区
清浦区	清 	浦 	区
涟水县	涟水 	县
洪泽县	洪泽县
盱眙县	盱眙县
金湖县	金湖县
盐城市	盐城市
市辖区	市辖区
亭湖区	亭 	湖 	区
盐都区	盐都 	区
响水县	响 	水 	县
滨海县	滨海县
阜宁县	阜宁 	县
射阳县	射阳县
建湖县	建湖县
东台市	东台市
大丰市	大丰市
扬州市	扬州市
市辖区	市辖区
广陵区	广 	陵 	区
邗江区	邗江 	区
江都区	江都 	区
宝应县	宝应县
仪征市	仪征市
高邮市	高邮市
镇江市	镇江市
市辖区	市辖区
京口区	京 	口 	区
润州区	润州 	区
丹徒区	丹 	徒 	区
丹阳市	丹阳市
扬中市	扬中市
句容市	句 	容 	市
泰州市	泰州市
市辖区	市辖区
海陵区	海 	陵 	区
高港区	高 	港 	区
兴化市	兴化市
靖江市	靖江市
泰兴市	泰兴市
姜堰市	姜堰 	市
宿迁市	宿迁市
市辖区	市辖区
宿城区	宿 	城区
宿豫区	宿 	豫 	区
沭阳县	沭阳县
泗阳县	泗阳县
泗洪县	泗 	洪 	县
浙江省	浙江省
杭州市	杭州市
市辖区	市辖区
上城区	上 	城区
下城区	下 	城区
江干区	江 	干 	区
拱墅区	拱 	墅 	区
西湖区	西湖 	区
滨江区	滨 	江 	区
萧山区	萧山 	区
余杭区	余杭 	区
桐庐县	桐庐县
淳安县	淳 	安 	县
建德市	建德市
富阳市	富阳市
临安市	临安 	市
宁波市	宁波市
市辖区	市辖区
海曙区	海 	曙 	区
江东区	江东区
江北区	江北区
北仑区	北 	仑 	区
镇海区	镇海 	区
鄞州区	鄞 	州 	区
象山县	象山县
宁海县	宁海县
余姚市	余姚市
慈溪市	慈溪市
奉化市	奉化市
温州市	温州市
市辖区	市辖区
鹿城区	鹿 	城区
龙湾区	龙湾 	区
瓯海区	瓯海区
洞头县	洞 	头 	县
永嘉县	永嘉县
平阳县	平阳县
苍南县	苍 	南县
文成县	文 	成 	县
泰顺县	泰顺 	县
瑞安市	瑞安 	市
乐清市	乐清市
嘉兴市	嘉兴市
市辖区	市辖区
南湖区	南湖 	区
秀洲区	秀 	洲 	区
嘉善县	嘉善县
海盐县	海盐 	县
海宁市	海宁 	市
平湖市	平湖 	市
桐乡市	桐乡 	市
湖州市	湖州市
市辖区	市辖区
吴兴区	吴兴 	区
南浔区	南 	浔 	区
德清县	德 	清 	县
长兴县	长 	兴 	县
安吉县	安吉 	县
绍兴市	绍兴市
市辖区	市辖区
越城区	越 	城区
绍兴县	绍兴县
新昌县	新昌 	县
诸暨市	诸暨市
上虞市	上虞 	市
嵊州市	嵊州市
金华市	金华市
市辖区	市辖区
婺城区	婺城区
金东区	金 	东区
武义县	武义县
浦江县	浦江 	县
磐安县	磐安县
兰溪市	兰溪 	市
义乌市	义乌市
东阳市	东阳市
永康市	永 	康 	市
衢州市	衢州 	市
市辖区	市辖区
柯城区	柯 	城区
衢江区	衢 	江 	区
常山县	常山县
开化县	开化县
龙游县	龙 	游 	县
江山市	江山市
舟山市	舟山 	市
市辖区	市辖区
定海区	定 	海区
普陀区	普陀区
岱山县	岱 	山 	县
嵊泗县	嵊 	泗 	县
台州市	台州市
市辖区	市辖区
椒江区	椒江区
黄岩区	黄岩 	区
路桥区	路桥区
玉环县	玉环县
三门县	三门 	县
天台县	天 	台 	县
仙居县	仙 	居 	县
温岭市	温岭市
临海市	临海 	市
丽水市	丽水市
市辖区	市辖区
莲都区	莲 	都 	区
青田县	青 	田 	县
缙云县	缙 	云 	县
遂昌县	遂昌县
松阳县	松 	阳 	县
云和县	云 	和 	县
庆元县	庆 	元 	县
景宁畲族自治县	景宁 	畲族 	自治县
龙泉市	龙泉 	市
安徽省	安徽省
合肥市	合肥市
市辖区	市辖区
瑶海区	瑶 	海区
庐阳区	庐 	阳 	区
蜀山区	蜀 	山区
包河区	包 	河 	区
长丰县	长丰县
肥东县	肥东县
肥西县	肥西县
庐江县	庐江县
巢湖市	巢湖 	市
芜湖市	芜湖市
市辖区	市辖区
镜湖区	镜 	湖 	区
弋江区	弋 	江 	区
鸠江区	鸠 	江 	区
三山区	三 	山区
芜湖县	芜湖县
繁昌县	繁 	昌 	县
南陵县	南陵县
无为县	无 	为 	县
蚌埠市	蚌埠市
市辖区	市辖区
龙子湖区	龙 	子 	湖 	区
蚌山区	蚌 	山区
禹会区	禹 	会 	区
淮上区	淮 	上 	区
怀远县	怀远县
五河县	五 	河 	县
固镇县	固 	镇 	县
淮南市	淮南市
市辖区	市辖区
大通区	大通 	区
田家庵区	田 	家 	庵 	区
谢家集区	谢 	家 	集 	区
八公山区	八 	公 	山区
潘集区	潘 	集 	区
凤台县	凤 	台 	县
马鞍山市	马鞍山市
市辖区	市辖区
花山区	花 	山区
雨山区	雨 	山区
博望区	博 	望 	区
当涂县	当涂县
含山县	含山县
和县	和 	县
淮北市	淮北市
市辖区	市辖区
杜集区	杜 	集 	区
相山区	相 	山区
烈山区	烈 	山区
濉溪县	濉 	溪 	县
铜陵市	铜陵市
市辖区	市辖区
铜官山区	铜 	官 	山区
狮子山区	狮子 	山区
郊区	郊区
铜陵县	铜陵 	县
安庆市	安庆市
市辖区	市辖区
迎江区	迎 	江 	区
大观区	大观 	区
宜秀区	宜 	秀 	区
怀宁县	怀 	宁 	县
枞阳县	枞阳县
潜山县	潜 	山 	县
太湖县	太湖县
宿松县	宿 	松 	县
望江县	望 	江 	县
岳西县	岳 	西 	县
桐城市	桐城市
黄山市	黄山市
市辖区	市辖区
屯溪区	屯溪 	区
黄山区	黄 	山区
徽州区	徽州 	区
歙县	歙县
休宁县	休宁县
黟县	黟县
祁门县	祁 	门 	县
滁州市	滁州市
市辖区	市辖区
琅琊区	琅 	琊 	区
南谯区	南 	谯 	区
来安县	来 	安 	县
全椒县	全 	椒 	县
定远县	定 	远 	县
凤阳县	凤阳县
天长市	天长市
明光市	明 	光 	市
阜阳市	阜阳市
市辖区	市辖区
颍州区	颍 	州 	区
颍东区	颍 	东区
颍泉区	颍 	泉 	区
临泉县	临 	泉 	县
太和县	太和 	县
阜南县	阜南县
颍上县	颍 	上 	县
界首市	界 	首 	市
宿州市	宿州市
市辖区	市辖区
埇桥区	埇 	桥 	区
砀山县	砀山县
萧县	萧县
灵璧县	灵 	璧 	县
泗县	泗 	县
六安市	六安 	市
市辖区	市辖区
金安区	金 	安 	区
裕安区	裕 	安 	区
寿县	寿县
霍邱县	霍 	邱县
舒城县	舒 	城 	县
金寨县	金寨县
霍山县	霍山县
亳州市	亳州市
市辖区	市辖区
谯城区	谯 	城区
涡阳县	涡 	阳 	县
蒙城县	蒙城县
利辛县	利辛县
池州市	池州 	市
市辖区	市辖区
贵池区	贵池 	区
东至县	东 	至 	县
石台县	石 	台 	县
青阳县	青 	阳 	县
宣城市	宣 	城市
市辖区	市辖区
宣州区	宣州 	区
郎溪县	郎溪县
广德县	广 	德 	县
泾县	泾县
绩溪县	绩 	溪 	县
旌德县	旌 	德 	县
宁国市	宁国市
福建省	福建省
福州市	福州市
市辖区	市辖区
鼓楼区	鼓楼区
台江区	台江 	区
仓山区	仓山区
马尾区	马尾 	区
晋安区	晋安区
闽侯县	闽侯县
连江县	连 	江 	县
罗源县	罗源 	县
闽清县	闽 	清 	县
永泰县	永泰 	县
平潭县	平潭县
福清市	福清市
长乐市	长乐市
厦门市	厦门市
市辖区	市辖区
思明区	思 	明 	区
海沧区	海沧 	区
湖里区	湖 	里 	区
集美区	集 	美 	区
同安区	同 	安 	区
翔安区	翔 	安 	区
莆田市	莆田 	市
市辖区	市辖区
城厢区	城厢 	区
涵江区	涵 	江 	区
荔城区	荔 	城区
秀屿区	秀 	屿 	区
仙游县	仙游县
三明市	三明市
市辖区	市辖区
梅列区	梅 	列 	区
三元区	三元 	区
明溪县	明 	溪 	县
清流县	清流 	县
宁化县	宁 	化 	县
大田县	大田 	县
尤溪县	尤 	溪 	县
沙县	沙 	县
将乐县	将 	乐 	县
泰宁县	泰宁 	县
建宁县	建 	宁 	县
永安市	永安 	市
泉州市	泉州市
市辖区	市辖区
鲤城区	鲤 	城区
丰泽区	丰 	泽 	区
洛江区	洛 	江 	区
泉港区	泉 	港 	区
惠安县	惠安县
安溪县	安溪县
永春县	永 	春 	县
德化县	德化 	县
金门县	金门 	县
石狮市	石狮 	市
晋江市	晋江市
南安市	南安 	市
漳州市	漳州市
市辖区	市辖区
芗城区	芗城 	区
龙文区	龙 	文 	区
云霄县	云霄 	县
漳浦县	漳浦县
诏安县	诏 	安 	县
长泰县	长泰县
东山县	东山县
南靖县	南 	靖 	县
平和县	平和县
华安县	华 	安 	县
龙海市	龙海市
南平市	南平市
市辖区	市辖区
延平区	延 	平 	区
顺昌县	顺 	昌 	县
浦城县	浦 	城 	县
光泽县	光泽 	县
松溪县	松 	溪 	县
政和县	政 	和 	县
邵武市	邵武 	市
武夷山市	武夷山市
建瓯市	建 	瓯 	市
建阳市	建 	阳 	市
龙岩市	龙岩市
市辖区	市辖区
新罗区	新罗区
长汀县	长 	汀 	县
永定县	永 	定 	县
上杭县	上杭县
武平县	武 	平 	县
连城县	连城 	县
漳平市	漳平 	市
宁德市	宁德市
市辖区	市辖区
蕉城区	蕉 	城区
霞浦县	霞浦县
古田县	古田 	县
屏南县	屏 	南县
寿宁县	寿宁县
周宁县	周 	宁 	县
柘荣县	柘 	荣 	县
福安市	福安市
福鼎市	福鼎市
江西省	江西省
南昌市	南昌市
市辖区	市辖区
东湖区	东湖 	区
西湖区	西湖 	区
青云谱区	青云 	谱 	区
湾里区	湾 	里 	区
青山湖区	青山 	湖 	区
南昌县	南昌 	县
新建县	新建县
安义县	安义县
进贤县	进贤 	县
景德镇市	景德镇市
市辖区	市辖区
昌江区	昌江 	区
珠山区	珠 	山区
浮梁县	浮 	梁 	县
乐平市	乐平市
萍乡市	萍乡市
市辖区	市辖区
安源区	安源 	区
湘东区	湘 	东区
莲花县	莲花县
上栗县	上 	栗 	县
芦溪县	芦 	溪 	县
九江市	九江市
市辖区	市辖区
庐山区	庐山 	区
浔阳区	浔 	阳 	区
九江县	九江县
武宁县	武宁 	县
修水县	修 	水 	县
永修县	永 	修 	县
德安县	德 	安 	县
星子县	星子 	县
都昌县	都 	昌 	县
湖口县	湖口县
彭泽县	彭泽县
瑞昌市	瑞 	昌 	市
共青城市	共青 	城市
新余市	新余市
市辖区	市辖区
渝水区	渝水区
分宜县	分 	宜 	县
鹰潭市	鹰潭市
市辖区	市辖区
月湖区	月 	湖 	区
余江县	余 	江 	县
贵溪市	贵溪 	市
赣州市	赣州市
市辖区	市辖区
章贡区	章 	贡 	区
赣县	赣县
信丰县	信丰县
大余县	大余县
上犹县	上犹县
崇义县	崇 	义县
安远县	安 	远 	县
龙南县	龙南县
定南县	定 	南县
全南县	全 	南县
宁都县	宁都县
于都县	于都县
兴国县	兴国县
会昌县	会昌县
寻乌县	寻 	乌 	县
石城县	石 	城 	县
瑞金市	瑞金市
南康市	南 	康 	市
吉安市	吉安 	市
市辖区	市辖区
吉州区	吉 	州 	区
青原区	青 	原 	区
吉安县	吉安县
吉水县	吉水县
峡江县	峡江 	县
新干县	新干县
永丰县	永丰县
泰和县	泰和 	县
遂川县	遂 	川 	县
万安县	万安县
安福县	安福县
永新县	永 	新 	县
井冈山市	井冈山市
宜春市	宜春市
市辖区	市辖区
袁州区	袁州 	区
奉新县	奉新 	县
万载县	万载县
上高县	上高县
宜丰县	宜丰县
靖安县	靖 	安 	县
铜鼓县	铜鼓 	县
丰城市	丰城市
樟树市	樟树市
高安市	高 	安 	市
抚州市	抚州 	市
市辖区	市辖区
临川区	临川 	区
南城县	南城 	县
黎川县	黎 	川 	县
南丰县	南丰县
崇仁县	崇 	仁 	县
乐安县	乐安县
宜黄县	宜黄 	县
金溪县	金溪县
资溪县	资溪县
东乡县	东乡县
广昌县	广昌 	县
上饶市	上饶市
市辖区	市辖区
信州区	信 	州 	区
上饶县	上饶县
广丰县	广 	丰县
玉山县	玉山县
铅山县	铅山 	县
横峰县	横峰县
弋阳县	弋阳 	县
余干县	余干县
鄱阳县	鄱 	阳 	县
万年县	万 	年 	县
婺源县	婺源县
德兴市	德 	兴 	市
山东省	山东省
济南市	济南市
市辖区	市辖区
历下区	历 	下 	区
市中区	市中区
槐荫区	槐荫区
天桥区	天桥 	区
历城区	历 	城区
长清区	长 	清 	区
平阴县	平 	阴 	县
济阳县	济阳县
商河县	商 	河 	县
章丘市	章丘市
青岛市	青岛市
市辖区	市辖区
市南区	市南区
市北区	市北区
四方区	四方 	区
黄岛区	黄岛 	区
崂山区	崂山区
李沧区	李沧区
城阳区	城阳区
胶州市	胶州市
即墨市	即墨市
平度市	平度市
胶南市	胶南市
莱西市	莱西市
淄博市	淄博市
市辖区	市辖区
淄川区	淄川 	区
张店区	张店区
博山区	博山区
临淄区	临 	淄 	区
周村区	周村区
桓台县	桓台县
高青县	高青县
沂源县	沂源 	县
枣庄市	枣庄市
市辖区	市辖区
市中区	市中区
薛城区	薛 	城区
峄城区	峄 	城区
台儿庄区	台儿庄 	区
山亭区	山 	亭 	区
滕州市	滕州市
东营市	东营市
市辖区	市辖区
东营区	东营区
河口区	河口 	区
垦利县	垦 	利 	县
利津县	利 	津 	县
广饶县	广饶县
烟台市	烟台市
市辖区	市辖区
芝罘区	芝罘区
福山区	福 	山区
牟平区	牟平区
莱山区	莱山 	区
长岛县	长岛县
龙口市	龙口市
莱阳市	莱阳市
莱州市	莱州市
蓬莱市	蓬莱 	市
招远市	招远市
栖霞市	栖 	霞 	市
海阳市	海 	阳 	市
潍坊市	潍坊市
市辖区	市辖区
潍城区	潍 	城区
寒亭区	寒 	亭 	区
坊子区	坊 	子 	区
奎文区	奎文区
临朐县	临朐县
昌乐县	昌 	乐 	县
青州市	青州市
诸城市	诸城市
寿光市	寿光市
安丘市	安丘市
高密市	高密市
昌邑市	昌 	邑 	市
济宁市	济宁市
市辖区	市辖区
市中区	市中区
任城区	任城区
微山县	微山县
鱼台县	鱼 	台 	县
金乡县	金乡县
嘉祥县	嘉 	祥 	县
汶上县	汶 	上 	县
泗水县	泗水县
梁山县	梁山县
曲阜市	曲阜市
兖州市	兖州 	市
邹城市	邹城市
泰安市	泰安市
市辖区	市辖区
泰山区	泰山区
岱岳区	岱 	岳 	区
宁阳县	宁 	阳 	县
东平县	东平县
新泰市	新泰市
肥城市	肥城市
威海市	威海市
市辖区	市辖区
环翠区	环 	翠 	区
文登市	文登市
荣成市	荣成市
乳山市	乳山市
日照市	日照市
市辖区	市辖区
东港区	东港 	区
岚山区	岚山 	区
五莲县	五莲县
莒县	莒县
莱芜市	莱芜市
市辖区	市辖区
莱城区	莱 	城区
钢城区	钢 	城区
临沂市	临沂市
市辖区	市辖区
兰山区	兰 	山区
罗庄区	罗 	庄 	区
河东区	河东区
沂南县	沂 	南县
郯城县	郯 	城 	县
沂水县	沂水 	县
苍山县	苍山县
费县	费县
平邑县	平邑县
莒南县	莒南县
蒙阴县	蒙 	阴 	县
临沭县	临 	沭 	县
德州市	德州市
市辖区	市辖区
德城区	德城区
陵县	陵 	县
宁津县	宁津县
庆云县	庆云 	县
临邑县	临 	邑 	县
齐河县	齐 	河 	县
平原县	平原 	县
夏津县	夏津县
武城县	武城县
乐陵市	乐陵市
禹城市	禹 	城市
聊城市	聊城市
市辖区	市辖区
东昌府区	东昌府区
阳谷县	阳谷县
莘县	莘县
茌平县	茌平县
东阿县	东 	阿 	县
冠县	冠县
高唐县	高 	唐 	县
临清市	临清 	市
滨州市	滨州市
市辖区	市辖区
滨城区	滨 	城区
惠民县	惠 	民 	县
阳信县	阳信县
无棣县	无棣县
沾化县	沾化县
博兴县	博 	兴 	县
邹平县	邹平县
菏泽市	菏泽市
市辖区	市辖区
牡丹区	牡丹 	区
曹县	曹县
单县	单县
成武县	成武县
巨野县	巨野县
郓城县	郓城县
鄄城县	鄄城县
定陶县	定 	陶 	县
东明县	东 	明 	县
河南省	河南省
郑州市	郑州市
市辖区	市辖区
中原区	中原区
二七区	二七区
管城回族区	管城 	回族 	区
金水区	金 	水 	区
上街区	上 	街区
惠济区	惠 	济 	区
中牟县	中牟县
巩义市	巩义市
荥阳市	荥 	阳 	市
新密市	新密市
新郑市	新郑市
登封市	登封市
开封市	开封市
市辖区	市辖区
龙亭区	龙 	亭 	区
顺河回族区	顺 	河 	回族 	区
鼓楼区	鼓楼区
禹王台区	禹 	王 	台 	区
金明区	金 	明 	区
杞县	杞县
通许县	通 	许 	县
尉氏县	尉氏县
开封县	开封县
兰考县	兰考 	县
洛阳市	洛阳市
市辖区	市辖区
老城区	老 	城区
西工区	西 	工区
瀍河回族区	瀍 	河 	回族 	区
涧西区	涧 	西区
吉利区	吉利 	区
洛龙区	洛 	龙 	区
孟津县	孟 	津 	县
新安县	新安 	县
栾川县	栾 	川 	县
嵩县	嵩县
汝阳县	汝阳县
宜阳县	宜阳县
洛宁县	洛宁县
伊川县	伊川县
偃师市	偃师市
平顶山市	平顶山市
市辖区	市辖区
新华区	新华 	区
卫东区	卫 	东区
石龙区	石 	龙 	区
湛河区	湛河区
宝丰县	宝丰县
叶县	叶县
鲁山县	鲁山县
郏县	郏 	县
舞钢市	舞钢市
汝州市	汝州 	市
安阳市	安阳市
市辖区	市辖区
文峰区	文峰区
北关区	北 	关 	区
殷都区	殷 	都 	区
龙安区	龙 	安 	区
安阳县	安阳县
汤阴县	汤阴县
滑县	滑县
内黄县	内 	黄县
林州市	林州市
鹤壁市	鹤壁市
市辖区	市辖区
鹤山区	鹤山 	区
山城区	山 	城区
淇滨区	淇 	滨 	区
浚县	浚 	县
淇县	淇 	县
新乡市	新乡市
市辖区	市辖区
红旗区	红旗 	区
卫滨区	卫 	滨 	区
凤泉区	凤 	泉 	区
牧野区	牧 	野 	区
新乡县	新乡 	县
获嘉县	获 	嘉 	县
原阳县	原阳县
延津县	延 	津 	县
封丘县	封 	丘 	县
长垣县	长垣 	县
卫辉市	卫辉市
辉县市	辉县市
焦作市	焦作市
市辖区	市辖区
解放区	解放区
中站区	中 	站区
马村区	马村区
山阳区	山阳区
修武县	修武县
博爱县	博爱县
武陟县	武陟县
温县	温 	县
沁阳市	沁阳市
孟州市	孟 	州 	市
濮阳市	濮阳市
市辖区	市辖区
华龙区	华龙 	区
清丰县	清丰县
南乐县	南乐 	县
范县	范县
台前县	台前县
濮阳县	濮阳县
许昌市	许昌市
市辖区	市辖区
魏都区	魏都区
许昌县	许昌县
鄢陵县	鄢陵县
襄城县	襄城县
禹州市	禹州市
长葛市	长葛市
漯河市	漯河市
市辖区	市辖区
源汇区	源 	汇 	区
郾城区	郾 	城区
召陵区	召 	陵 	区
舞阳县	舞阳 	县
临颍县	临 	颍 	县
三门峡市	三门峡市
市辖区	市辖区
湖滨区	湖滨 	区
渑池县	渑池县
陕县	陕 	县
卢氏县	卢 	氏 	县
义马市	义马 	市
灵宝市	灵 	宝 	市
南阳市	南阳市
市辖区	市辖区
宛城区	宛城区
卧龙区	卧龙 	区
南召县	南召县
方城县	方城县
西峡县	西峡县
镇平县	镇平县
内乡县	内 	乡 	县
淅川县	淅川县
社旗县	社旗县
唐河县	唐河县
新野县	新野县
桐柏县	桐柏县
邓州市	邓州市
商丘市	商丘 	市
市辖区	市辖区
梁园区	梁园 	区
睢阳区	睢 	阳 	区
民权县	民权 	县
睢县	睢 	县
宁陵县	宁 	陵 	县
柘城县	柘城县
虞城县	虞城县
夏邑县	夏 	邑 	县
永城市	永 	城市
信阳市	信阳市
市辖区	市辖区
浉河区	浉 	河 	区
平桥区	平 	桥 	区
罗山县	罗山县
光山县	光山县
新县	新 	县
商城县	商城县
固始县	固 	始 	县
潢川县	潢川县
淮滨县	淮 	滨 	县
息县	息 	县
周口市	周口市
市辖区	市辖区
川汇区	川 	汇 	区
扶沟县	扶 	沟 	县
西华县	西华县
商水县	商水县
沈丘县	沈 	丘 	县
郸城县	郸城 	县
淮阳县	淮阳 	县
太康县	太康县
鹿邑县	鹿邑县
项城市	项 	城市
驻马店市	驻马店市
市辖区	市辖区
驿城区	驿 	城区
西平县	西平 	县
上蔡县	上蔡县
平舆县	平舆县
正阳县	正阳县
确山县	确 	山 	县
泌阳县	泌阳县
汝南县	汝 	南县
遂平县	遂平县
新蔡县	新蔡县
省直辖县级行政区划	省 	直辖 	县级 	行政区划
济源市	济源 	市
湖北省	湖北省
武汉市	武汉市
市辖区	市辖区
江岸区	江岸区
江汉区	江汉 	区
硚口区	硚 	口 	区
汉阳区	汉 	阳 	区
武昌区	武昌区
青山区	青山区
洪山区	洪 	山区
东西湖区	东西 	湖 	区
汉南区	汉 	南区
蔡甸区	蔡 	甸 	区
江夏区	江夏区
黄陂区	黄 	陂 	区
新洲区	新 	洲 	区
黄石市	黄石市
市辖区	市辖区
黄石港区	黄石 	港 	区
西塞山区	西 	塞 	山区
下陆区	下 	陆 	区
铁山区	铁 	山区
阳新县	阳新县
大冶市	大冶市
十堰市	十堰市
市辖区	市辖区
茅箭区	茅 	箭 	区
张湾区	张 	湾 	区
郧县	郧县
郧西县	郧 	西 	县
竹山县	竹 	山 	县
竹溪县	竹溪县
房县	房县
丹江口市	丹江口市
宜昌市	宜昌市
市辖区	市辖区
西陵区	西 	陵 	区
伍家岗区	伍 	家 	岗区
点军区	点 	军区
猇亭区	猇 	亭 	区
夷陵区	夷 	陵 	区
远安县	远 	安 	县
兴山县	兴山 	县
秭归县	秭归 	县
长阳土家族自治县	长阳 	土家族 	自治县
五峰土家族自治县	五峰 	土家族 	自治县
宜都市	宜都 	市
当阳市	当阳 	市
枝江市	枝 	江 	市
襄阳市	襄阳 	市
市辖区	市辖区
襄城区	襄 	城区
樊城区	樊城 	区
襄州区	襄 	州 	区
南漳县	南漳县
谷城县	谷城县
保康县	保康县
老河口市	老河口市
枣阳市	枣阳市
宜城市	宜 	城市
鄂州市	鄂州市
市辖区	市辖区
梁子湖区	梁子湖 	区
华容区	华 	容 	区
鄂城区	鄂 	城区
荆门市	荆门市
市辖区	市辖区
东宝区	东宝区
掇刀区	掇 	刀 	区
京山县	京山县
沙洋县	沙 	洋县
钟祥市	钟祥市
孝感市	孝感市
市辖区	市辖区
孝南区	孝 	南区
孝昌县	孝 	昌 	县
大悟县	大悟县
云梦县	云 	梦 	县
应城市	应城市
安陆市	安陆市
汉川市	汉川市
荆州市	荆州市
市辖区	市辖区
沙市区	沙市区
荆州区	荆州 	区
公安县	公安县
监利县	监利县
江陵县	江陵 	县
石首市	石首市
洪湖市	洪湖市
松滋市	松滋市
黄冈市	黄冈市
市辖区	市辖区
黄州区	黄州区
团风县	团 	风 	县
红安县	红安县
罗田县	罗田县
英山县	英山县
浠水县	浠水县
蕲春县	蕲春县
黄梅县	黄梅县
麻城市	麻城市
武穴市	武穴市
咸宁市	咸宁市
市辖区	市辖区
咸安区	咸 	安 	区
嘉鱼县	嘉 	鱼 	县
通城县	通城 	县
崇阳县	崇 	阳 	县
通山县	通山县
赤壁市	赤壁 	市
随州市	随州市
市辖区	市辖区
曾都区	曾 	都 	区
随县	随 	县
广水市	广水市
恩施土家族苗族自治州	恩施 	土家族 	苗族 	自治州
恩施市	恩施市
利川市	利川市
建始县	建始县
巴东县	巴东县
宣恩县	宣 	恩 	县
咸丰县	咸丰 	县
来凤县	来 	凤 	县
鹤峰县	鹤峰县
省直辖县级行政区划	省 	直辖 	县级 	行政区划
仙桃市	仙桃市
潜江市	潜江市
天门市	天门市
神农架林区	神农架 	林区
湖南省	湖南省
长沙市	长沙市
市辖区	市辖区
芙蓉区	芙蓉区
天心区	天 	心 	区
岳麓区	岳麓区
开福区	开 	福 	区
雨花区	雨花区
望城区	望 	城区
长沙县	长沙县
宁乡县	宁乡县
浏阳市	浏阳市
株洲市	株洲市
市辖区	市辖区
荷塘区	荷塘 	区
芦淞区	芦淞 	区
石峰区	石 	峰 	区
天元区	天元 	区
株洲县	株洲县
攸县	攸县
茶陵县	茶陵县
炎陵县	炎陵县
醴陵市	醴陵 	市
湘潭市	湘潭市
市辖区	市辖区
雨湖区	雨 	湖 	区
岳塘区	岳 	塘 	区
湘潭县	湘潭 	县
湘乡市	湘乡市
韶山市	韶山 	市
衡阳市	衡阳市
市辖区	市辖区
珠晖区	珠 	晖 	区
雁峰区	雁 	峰 	区
石鼓区	石鼓 	区
蒸湘区	蒸 	湘 	区
南岳区	南 	岳 	区
衡阳县	衡阳 	县
衡南县	衡南县
衡山县	衡山县
衡东县	衡 	东 	县
祁东县	祁东县
耒阳市	耒阳 	市
常宁市	常 	宁 	市
邵阳市	邵阳市
市辖区	市辖区
双清区	双 	清 	区
大祥区	大 	祥 	区
北塔区	北 	塔 	区
邵东县	邵东县
新邵县	新邵县
邵阳县	邵阳县
隆回县	隆回县
洞口县	洞口 	县
绥宁县	绥宁 	县
新宁县	新宁县
城步苗族自治县	城 	步 	苗族 	自治县
武冈市	武 	冈 	市
岳阳市	岳阳市
市辖区	市辖区
岳阳楼区	岳阳楼区
云溪区	云 	溪 	区
君山区	君 	山区
岳阳县	岳阳县
华容县	华容县
湘阴县	湘阴县
平江县	平江县
汨罗市	汨罗市
临湘市	临湘市
常德市	常德市
市辖区	市辖区
武陵区	武陵 	区
鼎城区	鼎城 	区
安乡县	安 	乡 	县
汉寿县	汉寿县
澧县	澧 	县
临澧县	临澧县
桃源县	桃源县
石门县	石门县
津市市	津市 	市
张家界市	张家界市
市辖区	市辖区
永定区	永 	定 	区
武陵源区	武陵源 	区
慈利县	慈 	利 	县
桑植县	桑 	植 	县
益阳市	益阳市
市辖区	市辖区
资阳区	资 	阳 	区
赫山区	赫 	山区
南县	南县
桃江县	桃 	江 	县
安化县	安化 	县
沅江市	沅 	江 	市
郴州市	郴州市
市辖区	市辖区
北湖区	北 	湖 	区
苏仙区	苏 	仙 	区
桂阳县	桂阳 	县
宜章县	宜 	章 	县
永兴县	永兴县
嘉禾县	嘉 	禾 	县
临武县	临 	武 	县
汝城县	汝 	城 	县
桂东县	桂东县
安仁县	安 	仁 	县
资兴市	资兴 	市
永州市	永州市
市辖区	市辖区
零陵区	零 	陵 	区
冷水滩区	冷水滩区
祁阳县	祁阳县
东安县	东安 	县
双牌县	双 	牌 	县
道县	道县
江永县	江永县
宁远县	宁 	远 	县
蓝山县	蓝山 	县
新田县	新田 	县
江华瑶族自治县	江华 	瑶族 	自治县
怀化市	怀化市
市辖区	市辖区
鹤城区	鹤 	城区
中方县	中方 	县
沅陵县	沅 	陵 	县
辰溪县	辰 	溪 	县
溆浦县	溆浦县
会同县	会同 	县
麻阳苗族自治县	麻 	阳 	苗族 	自治县
新晃侗族自治县	新 	晃 	侗族 	自治县
芷江侗族自治县	芷江 	侗族 	自治县
靖州苗族侗族自治县	靖 	州 	苗族 	侗族 	自治县
通道侗族自治县	通道 	侗族 	自治县
洪江市	洪江 	市
娄底市	娄底 	市
市辖区	市辖区
娄星区	娄 	星 	区
双峰县	双 	峰 	县
新化县	新化县
冷水江市	冷水江市
涟源市	涟源 	市
湘西土家族苗族自治州	湘西 	土家族 	苗族 	自治州
吉首市	吉首市
泸溪县	泸 	溪 	县
凤凰县	凤凰县
花垣县	花 	垣 	县
保靖县	保靖县
古丈县	古丈县
永顺县	永顺县
龙山县	龙山县
广东省	广东省
广州市	广州市
市辖区	市辖区
荔湾区	荔 	湾 	区
越秀区	越秀 	区
海珠区	海 	珠 	区
天河区	天河 	区
白云区	白云区
黄埔区	黄埔 	区
番禺区	番禺 	区
花都区	花都 	区
南沙区	南沙 	区
萝岗区	萝 	岗区
增城市	增 	城市
从化市	从化市
韶关市	韶关市
市辖区	市辖区
武江区	武 	江 	区
浈江区	浈 	江 	区
曲江区	曲江 	区
始兴县	始 	兴 	县
仁化县	仁化县
翁源县	翁 	源 	县
乳源瑶族自治县	乳 	源 	瑶族 	自治县
新丰县	新 	丰县
乐昌市	乐 	昌 	市
南雄市	南 	雄 	市
深圳市	深圳市
市辖区	市辖区
罗湖区	罗湖区
福田区	福田 	区
南山区	南山区
宝安区	宝安区
龙岗区	龙岗区
盐田区	盐田 	区
珠海市	珠海市
市辖区	市辖区
香洲区	香 	洲 	区
斗门区	斗门 	区
金湾区	金 	湾 	区
汕头市	汕头市
市辖区	市辖区
龙湖区	龙湖 	区
金平区	金 	平 	区
濠江区	濠 	江 	区
潮阳区	潮阳 	区
潮南区	潮 	南区
澄海区	澄 	海区
南澳县	南澳县
佛山市	佛山市
市辖区	市辖区
禅城区	禅 	城区
南海区	南海 	区
顺德区	顺德 	区
三水区	三 	水 	区
高明区	高明 	区
江门市	江门市
市辖区	市辖区
蓬江区	蓬 	江 	区
江海区	江 	海区
新会区	新会 	区
台山市	台山市
开平市	开 	平 	市
鹤山市	鹤山市
恩平市	恩平市
湛江市	湛江市
市辖区	市辖区
赤坎区	赤 	坎 	区
霞山区	霞 	山区
坡头区	坡 	头 	区
麻章区	麻 	章 	区
遂溪县	遂溪 	县
徐闻县	徐 	闻 	县
廉江市	廉江市
雷州市	雷州 	市
吴川市	吴 	川 	市
茂名市	茂名市
市辖区	市辖区
茂南区	茂南区
茂港区	茂 	港 	区
电白县	电 	白 	县
高州市	高 	州 	市
化州市	化州市
信宜市	信宜 	市
肇庆市	肇庆市
市辖区	市辖区
端州区	端 	州 	区
鼎湖区	鼎 	湖 	区
广宁县	广 	宁 	县
怀集县	怀集 	县
封开县	封 	开县
德庆县	德 	庆 	县
高要市	高 	要 	市
四会市	四 	会 	市
惠州市	惠州 	市
市辖区	市辖区
惠城区	惠 	城区
惠阳区	惠 	阳 	区
博罗县	博 	罗 	县
惠东县	惠东 	县
龙门县	龙门 	县
梅州市	梅州市
市辖区	市辖区
梅江区	梅 	江 	区
梅县	梅县
大埔县	大埔 	县
丰顺县	丰 	顺 	县
五华县	五 	华 	县
平远县	平 	远 	县
蕉岭县	蕉 	岭 	县
兴宁市	兴宁市
汕尾市	汕尾 	市
市辖区	市辖区
城区	城区
海丰县	海 	丰县
陆河县	陆 	河 	县
陆丰市	陆丰市
河源市	河源市
市辖区	市辖区
源城区	源 	城区
紫金县	紫 	金 	县
龙川县	龙川县
连平县	连平县
和平县	和平 	县
东源县	东源县
阳江市	阳江 	市
市辖区	市辖区
江城区	江 	城区
阳西县	阳 	西 	县
阳东县	阳 	东 	县
阳春市	阳春 	市
清远市	清远 	市
市辖区	市辖区
清城区	清 	城区
佛冈县	佛 	冈 	县
阳山县	阳 	山 	县
连山壮族瑶族自治县	连 	山 	壮族 	瑶族 	自治县
连南瑶族自治县	连 	南 	瑶族 	自治县
清新县	清新 	县
英德市	英 	德 	市
连州市	连 	州 	市
东莞市	东莞市
中山市	中山市
潮州市	潮州市
市辖区	市辖区
湘桥区	湘 	桥 	区
潮安县	潮安县
饶平县	饶平县
揭阳市	揭阳 	市
市辖区	市辖区
榕城区	榕城 	区
揭东县	揭 	东 	县
揭西县	揭 	西 	县
惠来县	惠 	来 	县
普宁市	普宁 	市
云浮市	云 	浮 	市
市辖区	市辖区
云城区	云 	城区
新兴县	新 	兴 	县
郁南县	郁南 	县
云安县	云 	安 	县
罗定市	罗定市
广西壮族自治区	广西 	壮族 	自治区
南宁市	南宁市
市辖区	市辖区
兴宁区	兴 	宁 	区
青秀区	青 	秀 	区
江南区	江南 	区
西乡塘区	西 	乡 	塘 	区
良庆区	良 	庆 	区
邕宁区	邕宁 	区
武鸣县	武鸣县
隆安县	隆 	安 	县
马山县	马山 	县
上林县	上 	林县
宾阳县	宾 	阳 	县
横县	横县
柳州市	柳州市
市辖区	市辖区
城中区	城 	中 	区
鱼峰区	鱼 	峰 	区
柳南区	柳 	南区
柳北区	柳 	北 	区
柳江县	柳江 	县
柳城县	柳城县
鹿寨县	鹿 	寨 	县
融安县	融 	安 	县
融水苗族自治县	融 	水 	苗族 	自治县
三江侗族自治县	三 	江 	侗族 	自治县
桂林市	桂林市
市辖区	市辖区
秀峰区	秀 	峰 	区
叠彩区	叠 	彩 	区
象山区	象山 	区
七星区	七 	星 	区
雁山区	雁 	山区
阳朔县	阳朔 	县
临桂县	临桂县
灵川县	灵川县
全州县	全州县
兴安县	兴安县
永福县	永 	福 	县
灌阳县	灌阳 	县
龙胜各族自治县	龙 	胜 	各族 	自治县
资源县	资源 	县
平乐县	平乐县
荔浦县	荔 	浦 	县
恭城瑶族自治县	恭城 	瑶族 	自治县
梧州市	梧州市
市辖区	市辖区
万秀区	万 	秀 	区
蝶山区	蝶 	山区
长洲区	长 	洲 	区
苍梧县	苍 	梧 	县
藤县	藤 	县
蒙山县	蒙 	山 	县
岑溪市	岑 	溪 	市
北海市	北海市
市辖区	市辖区
海城区	海 	城区
银海区	银 	海区
铁山港区	铁 	山 	港 	区
合浦县	合 	浦 	县
防城港市	防城港市
市辖区	市辖区
港口区	港口 	区
防城区	防 	城区
上思县	上 	思 	县
东兴市	东 	兴 	市
钦州市	钦州市
市辖区	市辖区
钦南区	钦南区
钦北区	钦 	北 	区
灵山县	灵山 	县
浦北县	浦北县
贵港市	贵港 	市
市辖区	市辖区
港北区	港 	北 	区
港南区	港 	南区
覃塘区	覃 	塘 	区
平南县	平 	南县
桂平市	桂 	平 	市
玉林市	玉林市
市辖区	市辖区
玉州区	玉 	州 	区
容县	容 	县
陆川县	陆川县
博白县	博 	白 	县
兴业县	兴业县
北流市	北流 	市
百色市	百色市
市辖区	市辖区
右江区	右江 	区
田阳县	田阳县
田东县	田东县
平果县	平果县
德保县	德保县
靖西县	靖西县
那坡县	那 	坡 	县
凌云县	凌 	云 	县
乐业县	乐业 	县
田林县	田林 	县
西林县	西 	林县
隆林各族自治县	隆 	林 	各族 	自治县
贺州市	贺 	州 	市
市辖区	市辖区
八步区	八 	步 	区
昭平县	昭 	平 	县
钟山县	钟山 	县
富川瑶族自治县	富川 	瑶族 	自治县
河池市	河池 	市
市辖区	市辖区
金城江区	金城 	江 	区
南丹县	南 	丹 	县
天峨县	天 	峨 	县
凤山县	凤 	山 	县
东兰县	东 	兰 	县
罗城仫佬族自治县	罗城 	仫佬族 	自治县
环江毛南族自治县	环 	江 	毛南族 	自治县
巴马瑶族自治县	巴马 	瑶族 	自治县
都安瑶族自治县	都 	安 	瑶族 	自治县
大化瑶族自治县	大化 	瑶族 	自治县
宜州市	宜 	州 	市
来宾市	来宾 	市
市辖区	市辖区
兴宾区	兴 	宾 	区
忻城县	忻 	城 	县
象州县	象 	州 	县
武宣县	武 	宣 	县
金秀瑶族自治县	金 	秀 	瑶族 	自治县
合山市	合山 	市
崇左市	崇 	左 	市
市辖区	市辖区
江洲区	江 	洲 	区
扶绥县	扶绥县
宁明县	宁 	明 	县
龙州县	龙 	州 	县
大新县	大 	新 	县
天等县	天 	等 	县
凭祥市	凭祥 	市
海南省	海南省
海口市	海口市
市辖区	市辖区
秀英区	秀 	英 	区
龙华区	龙 	华 	区
琼山区	琼 	山区
美兰区	美 	兰 	区
三亚市	三亚市
市辖区	市辖区
三沙市	三 	沙市
西沙群岛	西沙 	群岛
南沙群岛	南沙 	群岛
中沙群岛的岛礁及其海域	中 	沙 	群岛 	的 	岛礁 	及其 	海域
省直辖县级行政区划	省 	直辖 	县级 	行政区划
五指山市	五指山 	市
琼海市	琼海市
儋州市	儋州市
文昌市	文昌市
万宁市	万宁 	市
东方市	东方 	市
定安县	定 	安 	县
屯昌县	屯 	昌 	县
澄迈县	澄 	迈 	县
临高县	临 	高 	县
白沙黎族自治县	白 	沙 	黎族 	自治县
昌江黎族自治县	昌江 	黎族 	自治县
乐东黎族自治县	乐 	东 	黎族 	自治县
陵水黎族自治县	陵 	水 	黎族 	自治县
保亭黎族苗族自治县	保 	亭 	黎族 	苗族 	自治县
琼中黎族苗族自治县	琼 	中 	黎族 	苗族 	自治县
重庆市	重庆市
市辖区	市辖区
万州区	万 	州 	区
涪陵区	涪陵 	区
渝中区	渝中区
大渡口区	大 	渡口 	区
江北区	江北区
沙坪坝区	沙 	坪坝 	区
九龙坡区	九龙 	坡 	区
南岸区	南 	岸区
北碚区	北 	碚 	区
綦江区	綦 	江 	区
大足区	大足 	区
渝北区	渝 	北 	区
巴南区	巴 	南区
黔江区	黔江 	区
长寿区	长寿 	区
江津区	江津 	区
合川区	合 	川 	区
永川区	永 	川 	区
南川区	南 	川 	区
县	县
潼南县	潼 	南县
铜梁县	铜 	梁 	县
荣昌县	荣 	昌 	县
璧山县	璧 	山 	县
梁平县	梁平县
城口县	城口县
丰都县	丰 	都 	县
垫江县	垫 	江 	县
武隆县	武 	隆 	县
忠县	忠县
开县	开县
云阳县	云 	阳 	县
奉节县	奉节县
巫山县	巫山县
巫溪县	巫 	溪 	县
石柱土家族自治县	石柱 	土家族 	自治县
秀山土家族苗族自治县	秀山 	土家族 	苗族 	自治县
酉阳土家族苗族自治县	酉阳 	土家族 	苗族 	自治县
彭水苗族土家族自治县	彭水 	苗族 	土家族 	自治县
四川省	四川省
成都市	成都市
市辖区	市辖区
锦江区	锦江 	区
青羊区	青 	羊 	区
金牛区	金 	牛 	区
武侯区	武侯区
成华区	成 	华 	区
龙泉驿区	龙泉驿区
青白江区	青白 	江 	区
新都区	新都 	区
温江区	温江 	区
金堂县	金 	堂 	县
双流县	双流 	县
郫县	郫县
大邑县	大邑县
蒲江县	蒲 	江 	县
新津县	新 	津 	县
都江堰市	都江堰 	市
彭州市	彭州市
邛崃市	邛崃市
崇州市	崇州市
自贡市	自贡市
市辖区	市辖区
自流井区	自流井 	区
贡井区	贡 	井 	区
大安区	大安 	区
沿滩区	沿 	滩 	区
荣县	荣 	县
富顺县	富 	顺 	县
攀枝花市	攀枝花市
市辖区	市辖区
东区	东区
西区	西区
仁和区	仁 	和 	区
米易县	米 	易县
盐边县	盐 	边 	县
泸州市	泸州市
市辖区	市辖区
江阳区	江 	阳 	区
纳溪区	纳 	溪 	区
龙马潭区	龙 	马 	潭 	区
泸县	泸 	县
合江县	合江 	县
叙永县	叙 	永 	县
古蔺县	古 	蔺 	县
德阳市	德阳市
市辖区	市辖区
旌阳区	旌 	阳 	区
中江县	中 	江 	县
罗江县	罗 	江 	县
广汉市	广汉市
什邡市	什 	邡 	市
绵竹市	绵竹 	市
绵阳市	绵阳市
市辖区	市辖区
涪城区	涪 	城区
游仙区	游 	仙 	区
三台县	三 	台 	县
盐亭县	盐 	亭 	县
安县	安 	县
梓潼县	梓 	潼 	县
北川羌族自治县	北川 	羌族 	自治县
平武县	平 	武 	县
江油市	江油市
广元市	广元市
市辖区	市辖区
利州区	利 	州 	区
元坝区	元 	坝 	区
朝天区	朝 	天 	区
旺苍县	旺 	苍 	县
青川县	青 	川 	县
剑阁县	剑阁县
苍溪县	苍 	溪 	县
遂宁市	遂宁市
市辖区	市辖区
船山区	船 	山区
安居区	安居 	区
蓬溪县	蓬溪县
射洪县	射洪县
大英县	大 	英 	县
内江市	内江市
市辖区	市辖区
市中区	市中区
东兴区	东兴 	区
威远县	威 	远 	县
资中县	资 	中 	县
隆昌县	隆 	昌 	县
乐山市	乐山市
市辖区	市辖区
市中区	市中区
沙湾区	沙 	湾 	区
五通桥区	五 	通 	桥 	区
金口河区	金口河区
犍为县	犍 	为 	县
井研县	井 	研 	县
夹江县	夹 	江 	县
沐川县	沐 	川 	县
峨边彝族自治县	峨 	边 	彝族 	自治县
马边彝族自治县	马 	边 	彝族 	自治县
峨眉山市	峨眉山 	市
南充市	南充市
市辖区	市辖区
顺庆区	顺 	庆 	区
高坪区	高坪区
嘉陵区	嘉陵区
南部县	南部 	县
营山县	营 	山 	县
蓬安县	蓬 	安 	县
仪陇县	仪陇 	县
西充县	西 	充 	县
阆中市	阆 	中 	市
眉山市	眉山 	市
市辖区	市辖区
东坡区	东坡 	区
仁寿县	仁寿县
彭山县	彭 	山 	县
洪雅县	洪雅县
丹棱县	丹 	棱 	县
青神县	青 	神 	县
宜宾市	宜宾市
市辖区	市辖区
翠屏区	翠 	屏 	区
南溪区	南 	溪 	区
宜宾县	宜宾 	县
江安县	江安 	县
长宁县	长宁 	县
高县	高 	县
珙县	珙县
筠连县	筠 	连 	县
兴文县	兴 	文县
屏山县	屏 	山 	县
广安市	广安 	市
市辖区	市辖区
广安区	广安 	区
岳池县	岳 	池 	县
武胜县	武 	胜 	县
邻水县	邻 	水 	县
华蓥市	华蓥 	市
达州市	达 	州 	市
市辖区	市辖区
通川区	通 	川 	区
达县	达县
宣汉县	宣汉县
开江县	开 	江 	县
大竹县	大竹县
渠县	渠县
万源市	万 	源 	市
雅安市	雅安 	市
市辖区	市辖区
雨城区	雨 	城区
名山区	名 	山区
荥经县	荥 	经 	县
汉源县	汉 	源 	县
石棉县	石棉 	县
天全县	天 	全县
芦山县	芦山县
宝兴县	宝 	兴 	县
巴中市	巴中市
市辖区	市辖区
巴州区	巴 	州 	区
通江县	通 	江 	县
南江县	南江 	县
平昌县	平昌 	县
资阳市	资 	阳 	市
市辖区	市辖区
雁江区	雁 	江 	区
安岳县	安 	岳 	县
乐至县	乐 	至 	县
简阳市	简 	阳 	市
阿坝藏族羌族自治州	阿坝 	藏族 	羌族 	自治州
汶川县	汶 	川 	县
理县	理 	县
茂县	茂 	县
松潘县	松 	潘 	县
九寨沟县	九寨沟 	县
金川县	金川 	县
小金县	小 	金 	县
黑水县	黑 	水 	县
马尔康县	马 	尔 	康 	县
壤塘县	壤 	塘 	县
阿坝县	阿坝 	县
若尔盖县	若 	尔 	盖 	县
红原县	红 	原 	县
甘孜藏族自治州	甘孜 	藏族 	自治州
康定县	康定 	县
泸定县	泸 	定 	县
丹巴县	丹 	巴县
九龙县	九龙 	县
雅江县	雅 	江 	县
道孚县	道 	孚 	县
炉霍县	炉 	霍 	县
甘孜县	甘孜 	县
新龙县	新 	龙 	县
德格县	德 	格 	县
白玉县	白玉 	县
石渠县	石 	渠县
色达县	色 	达县
理塘县	理 	塘 	县
巴塘县	巴 	塘 	县
乡城县	乡 	城 	县
稻城县	稻 	城 	县
得荣县	得 	荣 	县
凉山彝族自治州	凉山 	彝族 	自治州
西昌市	西昌市
木里藏族自治县	木 	里 	藏族 	自治县
盐源县	盐 	源 	县
德昌县	德 	昌 	县
会理县	会理县
会东县	会 	东 	县
宁南县	宁 	南县
普格县	普 	格 	县
布拖县	布拖县
金阳县	金阳 	县
昭觉县	昭 	觉 	县
喜德县	喜 	德 	县
冕宁县	冕 	宁 	县
越西县	越 	西 	县
甘洛县	甘洛 	县
美姑县	美姑县
雷波县	雷 	波 	县
贵州省	贵州省
贵阳市	贵阳市
市辖区	市辖区
南明区	南 	明 	区
云岩区	云岩区
花溪区	花 	溪 	区
乌当区	乌 	当 	区
白云区	白云区
小河区	小河 	区
开阳县	开 	阳 	县
息烽县	息烽县
修文县	修 	文县
清镇市	清 	镇 	市
六盘水市	六盘水 	市
钟山区	钟山 	区
六枝特区	六 	枝 	特区
水城县	水城 	县
盘县	盘 	县
遵义市	遵义市
市辖区	市辖区
红花岗区	红花 	岗区
汇川区	汇 	川 	区
遵义县	遵义 	县
桐梓县	桐 	梓 	县
绥阳县	绥阳县
正安县	正安县
道真仡佬族苗族自治县	道 	真 	仡佬族 	苗族 	自治县
务川仡佬族苗族自治县	务川 	仡佬族 	苗族 	自治县
凤冈县	凤 	冈 	县
湄潭县	湄 	潭 	县
余庆县	余庆县
习水县	习 	水 	县
赤水市	赤 	水 	市
仁怀市	仁怀市
安顺市	安顺 	市
市辖区	市辖区
西秀区	西 	秀 	区
平坝县	平 	坝 	县
普定县	普 	定 	县
镇宁布依族苗族自治县	镇宁 	布依族 	苗族 	自治县
关岭布依族苗族自治县	关 	岭 	布依族 	苗族 	自治县
紫云苗族布依族自治县	紫 	云 	苗族 	布依族 	自治县
毕节市	毕节 	市
七星关区	七 	星 	关 	区
大方县	大方 	县
黔西县	黔 	西 	县
金沙县	金 	沙 	县
织金县	织 	金 	县
纳雍县	纳 	雍 	县
威宁彝族回族苗族自治县	威宁 	彝族 	回族 	苗族 	自治县
赫章县	赫 	章 	县
铜仁市	铜仁 	市
碧江区	碧 	江 	区
万山区	万 	山区
江口县	江口 	县
玉屏侗族自治县	玉 	屏 	侗族 	自治县
石阡县	石 	阡 	县
思南县	思 	南县
印江土家族苗族自治县	印 	江 	土家族 	苗族 	自治县
德江县	德 	江 	县
沿河土家族自治县	沿河 	土家族 	自治县
松桃苗族自治县	松桃 	苗族 	自治县
黔西南布依族苗族自治州	黔西南 	布依族 	苗族 	自治州
兴义市	兴义市
兴仁县	兴 	仁 	县
普安县	普 	安 	县
晴隆县	晴 	隆 	县
贞丰县	贞 	丰县
望谟县	望 	谟 	县
册亨县	册亨县
安龙县	安 	龙 	县
黔东南苗族侗族自治州	黔 	东南 	苗族 	侗族 	自治州
凯里市	凯里 	市
黄平县	黄 	平 	县
施秉县	施 	秉 	县
三穗县	三 	穗 	县
镇远县	镇 	远 	县
岑巩县	岑 	巩 	县
天柱县	天 	柱 	县
锦屏县	锦 	屏 	县
剑河县	剑 	河 	县
台江县	台江 	县
黎平县	黎平县
榕江县	榕江县
从江县	从江 	县
雷山县	雷 	山 	县
麻江县	麻 	江 	县
丹寨县	丹 	寨 	县
黔南布依族苗族自治州	黔 	南 	布依族 	苗族 	自治州
都匀市	都匀 	市
福泉市	福 	泉 	市
荔波县	荔 	波 	县
贵定县	贵 	定 	县
瓮安县	瓮安县
独山县	独 	山 	县
平塘县	平 	塘 	县
罗甸县	罗甸县
长顺县	长 	顺 	县
龙里县	龙 	里 	县
惠水县	惠 	水 	县
三都水族自治县	三都 	水族 	自治县
云南省	云南省
昆明市	昆明市
市辖区	市辖区
五华区	五 	华 	区
盘龙区	盘 	龙 	区
官渡区	官渡区
西山区	西山区
东川区	东川 	区
呈贡区	呈 	贡 	区
晋宁县	晋宁县
富民县	富民 	县
宜良县	宜 	良 	县
石林彝族自治县	石林 	彝族 	自治县
嵩明县	嵩 	明 	县
禄劝彝族苗族自治县	禄劝 	彝族 	苗族 	自治县
寻甸回族彝族自治县	寻甸 	回族 	彝族 	自治县
安宁市	安宁市
曲靖市	曲靖市
市辖区	市辖区
麒麟区	麒麟 	区
马龙县	马龙县
陆良县	陆良 	县
师宗县	师 	宗 	县
罗平县	罗 	平 	县
富源县	富源县
会泽县	会 	泽 	县
沾益县	沾 	益 	县
宣威市	宣 	威 	市
玉溪市	玉溪 	市
红塔区	红塔 	区
江川县	江 	川 	县
澄江县	澄江 	县
通海县	通 	海 	县
华宁县	华 	宁 	县
易门县	易门 	县
峨山彝族自治县	峨 	山 	彝族 	自治县
新平彝族傣族自治县	新平 	彝族 	傣族 	自治县
元江哈尼族彝族傣族自治县	元 	江 	哈尼族 	彝族 	傣族 	自治县
保山市	保山市
市辖区	市辖区
隆阳区	隆 	阳 	区
施甸县	施 	甸 	县
腾冲县	腾 	冲 	县
龙陵县	龙 	陵 	县
昌宁县	昌 	宁 	县
昭通市	昭通市
市辖区	市辖区
昭阳区	昭 	阳 	区
鲁甸县	鲁 	甸 	县
巧家县	巧 	家 	县
盐津县	盐 	津 	县
大关县	大关 	县
永善县	永 	善 	县
绥江县	绥 	江 	县
镇雄县	镇 	雄 	县
彝良县	彝 	良 	县
威信县	威信 	县
水富县	水 	富 	县
丽江市	丽江 	市
市辖区	市辖区
古城区	古城 	区
玉龙纳西族自治县	玉龙 	纳西族 	自治县
永胜县	永胜县
华坪县	华 	坪 	县
宁蒗彝族自治县	宁 	蒗 	彝族 	自治县
普洱市	普 	洱 	市
市辖区	市辖区
思茅区	思茅 	区
宁洱哈尼族彝族自治县	宁 	洱 	哈尼族 	彝族 	自治县
墨江哈尼族自治县	墨 	江 	哈尼族 	自治县
景东彝族自治县	景 	东 	彝族 	自治县
景谷傣族彝族自治县	景 	谷 	傣族 	彝族 	自治县
镇沅彝族哈尼族拉祜族自治县	镇 	沅 	彝族 	哈尼族 	拉祜族 	自治县
江城哈尼族彝族自治县	江城 	哈尼族 	彝族 	自治县
孟连傣族拉祜族佤族自治县	孟 	连 	傣族 	拉祜族 	佤族 	自治县
澜沧拉祜族自治县	澜 	沧 	拉祜族 	自治县
西盟佤族自治县	西 	盟 	佤族 	自治县
临沧市	临 	沧 	市
市辖区	市辖区
临翔区	临 	翔 	区
凤庆县	凤 	庆 	县
云县	云 	县
永德县	永 	德 	县
镇康县	镇 	康 	县
双江拉祜族佤族布朗族傣族自治县	双江 	拉祜族 	佤族 	布朗族 	傣族 	自治县
耿马傣族佤族自治县	耿 	马 	傣族 	佤族 	自治县
沧源佤族自治县	沧 	源 	佤族 	自治县
楚雄彝族自治州	楚雄 	彝族 	自治州
楚雄市	楚雄 	市
双柏县	双 	柏 	县
牟定县	牟 	定 	县
南华县	南华 	县
姚安县	姚 	安 	县
大姚县	大 	姚 	县
永仁县	永 	仁 	县
元谋县	元 	谋 	县
武定县	武 	定 	县
禄丰县	禄丰 	县
红河哈尼族彝族自治州	红 	河 	哈尼族 	彝族 	自治州
个旧市	个旧 	市
开远市	开远 	市
蒙自市	蒙 	自 	市
屏边苗族自治县	屏 	边 	苗族 	自治县
建水县	建 	水 	县
石屏县	石屏 	县
弥勒县	弥勒县
泸西县	泸西县
元阳县	元 	阳 	县
红河县	红 	河 	县
金平苗族瑶族傣族自治县	金 	平 	苗族 	瑶族 	傣族 	自治县
绿春县	绿 	春 	县
河口瑶族自治县	河口 	瑶族 	自治县
文山壮族苗族自治州	文 	山 	壮族 	苗族 	自治州
文山市	文 	山 	市
砚山县	砚 	山 	县
西畴县	西 	畴 	县
麻栗坡县	麻栗坡县
马关县	马关 	县
丘北县	丘 	北 	县
广南县	广 	南县
富宁县	富宁县
西双版纳傣族自治州	西双版纳 	傣族 	自治州
景洪市	景洪 	市
勐海县	勐 	海 	县
勐腊县	勐腊县
大理白族自治州	大理 	白族 	自治州
大理市	大理市
漾濞彝族自治县	漾 	濞 	彝族 	自治县
祥云县	祥 	云 	县
宾川县	宾 	川 	县
弥渡县	弥渡县
南涧彝族自治县	南涧 	彝族 	自治县
巍山彝族回族自治县	巍 	山 	彝族 	回族 	自治县
永平县	永 	平 	县
云龙县	云 	龙 	县
洱源县	洱 	源 	县
剑川县	剑 	川 	县
鹤庆县	鹤庆县
德宏傣族景颇族自治州	德宏 	傣族 	景颇族 	自治州
瑞丽市	瑞丽市
芒市	芒市
梁河县	梁 	河 	县
盈江县	盈 	江 	县
陇川县	陇 	川 	县
怒江傈僳族自治州	怒江 	傈僳族 	自治州
泸水县	泸 	水 	县
福贡县	福 	贡 	县
贡山独龙族怒族自治县	贡山 	独龙族 	怒族 	自治县
兰坪白族普米族自治县	兰坪 	白族 	普米族 	自治县
迪庆藏族自治州	迪庆 	藏族 	自治州
香格里拉县	香 	格 	里拉 	县
德钦县	德 	钦 	县
维西傈僳族自治县	维 	西 	傈僳族 	自治县
西藏自治区	西藏 	自治区
拉萨市	拉萨市
市辖区	市辖区
城关区	城关 	区
林周县	林 	周 	县
当雄县	当雄 	县
尼木县	尼 	木 	县
曲水县	曲水 	县
堆龙德庆县	堆龙德庆县
达孜县	达孜县
墨竹工卡县	墨竹 	工 	卡 	县
昌都地区	昌都 	地区
昌都县	昌都 	县
江达县	江 	达县
贡觉县	贡 	觉 	县
类乌齐县	类 	乌 	齐 	县
丁青县	丁 	青 	县
察雅县	察 	雅 	县
八宿县	八 	宿县
左贡县	左 	贡 	县
芒康县	芒 	康 	县
洛隆县	洛 	隆 	县
边坝县	边 	坝 	县
山南地区	山南 	地区
乃东县	乃东县
扎囊县	扎 	囊 	县
贡嘎县	贡嘎 	县
桑日县	桑 	日 	县
琼结县	琼 	结 	县
曲松县	曲 	松 	县
措美县	措 	美 	县
洛扎县	洛 	扎 	县
加查县	加 	查 	县
隆子县	隆 	子 	县
错那县	错 	那 	县
浪卡子县	浪 	卡子 	县
日喀则地区	日喀则 	地区
日喀则市	日喀则市
南木林县	南 	木 	林县
江孜县	江孜 	县
定日县	定日县
萨迦县	萨 	迦 	县
拉孜县	拉 	孜 	县
昂仁县	昂 	仁 	县
谢通门县	谢 	通 	门 	县
白朗县	白朗 	县
仁布县	仁 	布 	县
康马县	康 	马 	县
定结县	定 	结 	县
仲巴县	仲 	巴县
亚东县	亚东 	县
吉隆县	吉 	隆 	县
聂拉木县	聂 	拉 	木 	县
萨嘎县	萨 	嘎 	县
岗巴县	岗 	巴县
那曲地区	那曲 	地区
那曲县	那曲 	县
嘉黎县	嘉 	黎 	县
比如县	比如 	县
聂荣县	聂荣县
安多县	安多县
申扎县	申扎 	县
索县	索 	县
班戈县	班 	戈 	县
巴青县	巴 	青 	县
尼玛县	尼玛县
阿里地区	阿里 	地区
普兰县	普 	兰 	县
札达县	札 	达县
噶尔县	噶 	尔 	县
日土县	日 	土 	县
革吉县	革 	吉 	县
改则县	改则 	县
措勤县	措 	勤 	县
林芝地区	林芝 	地区
林芝县	林芝县
工布江达县	工 	布 	江 	达县
米林县	米 	林县
墨脱县	墨 	脱 	县
波密县	波密县
察隅县	察 	隅 	县
朗县	朗 	县
陕西省	陕西省
西安市	西安市
市辖区	市辖区
新城区	新 	城区
碑林区	碑林 	区
莲湖区	莲 	湖 	区
灞桥区	灞 	桥 	区
未央区	未 	央 	区
雁塔区	雁 	塔 	区
阎良区	阎 	良 	区
临潼区	临潼 	区
长安区	长安 	区
蓝田县	蓝田 	县
周至县	周 	至 	县
户县	户县
高陵县	高陵 	县
铜川市	铜川市
市辖区	市辖区
王益区	王 	益 	区
印台区	印台 	区
耀州区	耀 	州 	区
宜君县	宜 	君 	县
宝鸡市	宝鸡市
市辖区	市辖区
渭滨区	渭 	滨 	区
金台区	金台 	区
陈仓区	陈 	仓 	区
凤翔县	凤翔县
岐山县	岐山县
扶风县	扶风县
眉县	眉县
陇县	陇 	县
千阳县	千 	阳 	县
麟游县	麟 	游 	县
凤县	凤 	县
太白县	太白 	县
咸阳市	咸阳市
市辖区	市辖区
秦都区	秦都区
杨陵区	杨陵 	区
渭城区	渭 	城区
三原县	三原县
泾阳县	泾 	阳 	县
乾县	乾 	县
礼泉县	礼泉县
永寿县	永 	寿县
彬县	彬 	县
长武县	长 	武 	县
旬邑县	旬 	邑 	县
淳化县	淳 	化 	县
武功县	武功 	县
兴平市	兴平市
渭南市	渭南市
市辖区	市辖区
临渭区	临 	渭 	区
华县	华 	县
潼关县	潼关 	县
大荔县	大荔县
合阳县	合阳县
澄城县	澄 	城 	县
蒲城县	蒲城县
白水县	白水 	县
富平县	富 	平 	县
韩城市	韩城市
华阴市	华 	阴 	市
延安市	延安市
市辖区	市辖区
宝塔区	宝塔 	区
延长县	延长县
延川县	延 	川 	县
子长县	子 	长 	县
安塞县	安塞 	县
志丹县	志丹县
吴起县	吴 	起 	县
甘泉县	甘泉 	县
富县	富 	县
洛川县	洛川 	县
宜川县	宜 	川 	县
黄龙县	黄龙 	县
黄陵县	黄陵县
汉中市	汉中 	市
市辖区	市辖区
汉台区	汉 	台 	区
南郑县	南 	郑 	县
城固县	城固县
洋县	洋县
西乡县	西 	乡 	县
勉县	勉 	县
宁强县	宁 	强 	县
略阳县	略阳 	县
镇巴县	镇 	巴县
留坝县	留 	坝 	县
佛坪县	佛 	坪 	县
榆林市	榆林 	市
市辖区	市辖区
榆阳区	榆 	阳 	区
神木县	神 	木 	县
府谷县	府 	谷 	县
横山县	横山 	县
靖边县	靖边县
定边县	定 	边 	县
绥德县	绥德 	县
米脂县	米脂县
佳县	佳 	县
吴堡县	吴 	堡 	县
清涧县	清 	涧 	县
子洲县	子 	洲 	县
安康市	安康市
市辖区	市辖区
汉滨区	汉 	滨 	区
汉阴县	汉 	阴 	县
石泉县	石 	泉 	县
宁陕县	宁 	陕 	县
紫阳县	紫阳 	县
岚皋县	岚皋 	县
平利县	平利县
镇坪县	镇 	坪 	县
旬阳县	旬阳县
白河县	白河县
商洛市	商洛 	市
市辖区	市辖区
商州区	商州 	区
洛南县	洛南 	县
丹凤县	丹 	凤 	县
商南县	商南县
山阳县	山 	阳 	县
镇安县	镇安县
柞水县	柞 	水 	县
甘肃省	甘肃省
兰州市	兰州市
市辖区	市辖区
城关区	城关 	区
七里河区	七 	里 	河 	区
西固区	西固区
安宁区	安宁 	区
红古区	红 	古 	区
永登县	永登 	县
皋兰县	皋 	兰 	县
榆中县	榆中县
嘉峪关市	嘉峪关市
市辖区	市辖区
金昌市	金昌 	市
市辖区	市辖区
金川区	金川 	区
永昌县	永 	昌 	县
白银市	白银市
市辖区	市辖区
白银区	白银 	区
平川区	平川 	区
靖远县	靖远县
会宁县	会 	宁 	县
景泰县	景泰 	县
天水市	天水市
市辖区	市辖区
秦州区	秦 	州 	区
麦积区	麦 	积 	区
清水县	清水县
秦安县	秦 	安 	县
甘谷县	甘 	谷 	县
武山县	武山 	县
张家川回族自治县	张 	家 	川 	回族 	自治县
武威市	武威 	市
市辖区	市辖区
凉州区	凉 	州 	区
民勤县	民 	勤 	县
古浪县	古浪县
天祝藏族自治县	天祝 	藏族 	自治县
张掖市	张掖市
市辖区	市辖区
甘州区	甘 	州 	区
肃南裕固族自治县	肃 	南 	裕固族 	自治县
民乐县	民乐县
临泽县	临泽 	县
高台县	高台 	县
山丹县	山丹 	县
平凉市	平凉市
市辖区	市辖区
崆峒区	崆 	峒 	区
泾川县	泾 	川 	县
灵台县	灵 	台 	县
崇信县	崇 	信 	县
华亭县	华 	亭 	县
庄浪县	庄浪县
静宁县	静 	宁 	县
酒泉市	酒泉 	市
市辖区	市辖区
肃州区	肃 	州 	区
金塔县	金 	塔 	县
瓜州县	瓜 	州 	县
肃北蒙古族自治县	肃 	北 	蒙古族 	自治县
阿克塞哈萨克族自治县	阿 	克 	塞 	哈萨克族 	自治县
玉门市	玉门 	市
敦煌市	敦煌市
庆阳市	庆阳 	市
市辖区	市辖区
西峰区	西峰 	区
庆城县	庆 	城 	县
环县	环 	县
华池县	华 	池 	县
合水县	合 	水 	县
正宁县	正 	宁 	县
宁县	宁 	县
镇原县	镇 	原 	县
定西市	定西 	市
市辖区	市辖区
安定区	安定 	区
通渭县	通 	渭 	县
陇西县	陇 	西 	县
渭源县	渭源县
临洮县	临洮县
漳县	漳县
岷县	岷县
陇南市	陇南 	市
市辖区	市辖区
武都区	武 	都 	区
成县	成 	县
文县	文县
宕昌县	宕 	昌 	县
康县	康 	县
西和县	西 	和 	县
礼县	礼 	县
徽县	徽县
两当县	两 	当 	县
临夏回族自治州	临夏 	回族 	自治州
临夏市	临夏 	市
临夏县	临夏 	县
康乐县	康乐 	县
永靖县	永 	靖 	县
广河县	广 	河 	县
和政县	和 	政 	县
东乡族自治县	东乡族 	自治县
积石山保安族东乡族撒拉族自治县	积石山 	保安族 	东乡族 	撒拉族 	自治县
甘南藏族自治州	甘 	南 	藏族 	自治州
合作市	合作 	市
临潭县	临 	潭 	县
卓尼县	卓 	尼 	县
舟曲县	舟 	曲 	县
迭部县	迭部县
玛曲县	玛 	曲 	县
碌曲县	碌 	曲 	县
夏河县	夏 	河 	县
青海省	青海省
西宁市	西宁市
市辖区	市辖区
城东区	城东区
城中区	城 	中 	区
城西区	城 	西区
城北区	城北 	区
大通回族土族自治县	大通 	回族 	土族 	自治县
湟中县	湟中县
湟源县	湟 	源 	县
海东地区	海 	东 	地区
平安县	平安 	县
民和回族土族自治县	民 	和 	回族 	土族 	自治县
乐都县	乐 	都 	县
互助土族自治县	互助 	土族 	自治县
化隆回族自治县	化 	隆 	回族 	自治县
循化撒拉族自治县	循化 	撒拉族 	自治县
海北藏族自治州	海北 	藏族 	自治州
门源回族自治县	门源 	回族 	自治县
祁连县	祁连 	县
海晏县	海 	晏 	县
刚察县	刚 	察 	县
黄南藏族自治州	黄南 	藏族 	自治州
同仁县	同仁 	县
尖扎县	尖扎县
泽库县	泽 	库 	县
河南蒙古族自治县	河南 	蒙古族 	自治县
海南藏族自治州	海南 	藏族 	自治州
共和县	共和县
同德县	同 	德 	县
贵德县	贵德县
兴海县	兴 	海 	县
贵南县	贵 	南县
果洛藏族自治州	果洛 	藏族 	自治州
玛沁县	玛 	沁县
班玛县	班 	玛 	县
甘德县	甘 	德 	县
达日县	达 	日 	县
久治县	久 	治 	县
玛多县	玛 	多 	县
玉树藏族自治州	玉树 	藏族 	自治州
玉树县	玉树 	县
杂多县	杂 	多 	县
称多县	称 	多 	县
治多县	治 	多 	县
囊谦县	囊 	谦 	县
曲麻莱县	曲 	麻 	莱 	县
海西蒙古族藏族自治州	海 	西 	蒙古族 	藏族 	自治州
格尔木市	格尔木 	市
德令哈市	德令哈 	市
乌兰县	乌 	兰 	县
都兰县	都 	兰 	县
天峻县	天 	峻 	县
宁夏回族自治区	宁夏 	回族 	自治区
银川市	银川市
市辖区	市辖区
兴庆区	兴 	庆 	区
西夏区	西夏区
金凤区	金凤 	区
永宁县	永 	宁 	县
贺兰县	贺兰 	县
灵武市	灵武市
石嘴山市	石嘴山市
市辖区	市辖区
大武口区	大 	武口 	区
惠农区	惠 	农区
平罗县	平 	罗 	县
吴忠市	吴忠 	市
市辖区	市辖区
利通区	利 	通 	区
红寺堡区	红 	寺 	堡 	区
盐池县	盐池县
同心县	同心 	县
青铜峡市	青铜峡 	市
固原市	固原 	市
市辖区	市辖区
原州区	原 	州 	区
西吉县	西吉县
隆德县	隆 	德 	县
泾源县	泾 	源 	县
彭阳县	彭 	阳 	县
中卫市	中卫 	市
市辖区	市辖区
沙坡头区	沙 	坡 	头 	区
中宁县	中 	宁 	县
海原县	海原县
新疆维吾尔自治区	新疆 	维吾尔 	自治区
乌鲁木齐市	乌鲁木齐市
市辖区	市辖区
天山区	天 	山区
沙依巴克区	沙 	依 	巴 	克 	区
新市区	新 	市区
水磨沟区	水磨 	沟 	区
头屯河区	头 	屯河 	区
达坂城区	达坂城 	区
米东区	米 	东区
乌鲁木齐县	乌鲁木齐县
克拉玛依市	克拉玛依市
市辖区	市辖区
独山子区	独山子 	区
克拉玛依区	克拉玛依 	区
白碱滩区	白 	碱 	滩 	区
乌尔禾区	乌 	尔 	禾 	区
吐鲁番地区	吐鲁番 	地区
吐鲁番市	吐鲁番 	市
鄯善县	鄯善 	县
托克逊县	托克逊县
哈密地区	哈密 	地区
哈密市	哈密 	市
巴里坤哈萨克自治县	巴 	里 	坤 	哈萨克 	自治县
伊吾县	伊 	吾 	县
昌吉回族自治州	昌吉 	回族 	自治州
昌吉市	昌吉 	市
阜康市	阜 	康 	市
呼图壁县	呼 	图 	壁 	县
玛纳斯县	玛纳斯 	县
奇台县	奇 	台 	县
吉木萨尔县	吉 	木 	萨 	尔 	县
木垒哈萨克自治县	木 	垒 	哈萨克 	自治县
博尔塔拉蒙古自治州	博 	尔 	塔 	拉 	蒙古 	自治州
博乐市	博乐 	市
精河县	精 	河 	县
温泉县	温泉 	县
巴音郭楞蒙古自治州	巴音郭楞 	蒙古 	自治州
库尔勒市	库尔勒市
轮台县	轮 	台 	县
尉犁县	尉犁县
若羌县	若 	羌 	县
且末县	且 	末 	县
焉耆回族自治县	焉 	耆 	回族 	自治县
和静县	和 	静 	县
和硕县	和 	硕 	县
博湖县	博湖县
阿克苏地区	阿克苏 	地区
阿克苏市	阿克苏 	市
温宿县	温 	宿县
库车县	库车 	县
沙雅县	沙 	雅 	县
新和县	新 	和 	县
拜城县	拜 	城 	县
乌什县	乌 	什 	县
阿瓦提县	阿 	瓦 	提 	县
柯坪县	柯 	坪 	县
克孜勒苏柯尔克孜自治州	克 	孜 	勒 	苏 	柯尔克孜 	自治州
阿图什市	阿图什 	市
阿克陶县	阿 	克 	陶 	县
阿合奇县	阿 	合 	奇 	县
乌恰县	乌 	恰 	县
喀什地区	喀什 	地区
喀什市	喀什市
疏附县	疏 	附 	县
疏勒县	疏 	勒 	县
英吉沙县	英 	吉 	沙 	县
泽普县	泽 	普 	县
莎车县	莎 	车 	县
叶城县	叶 	城 	县
麦盖提县	麦 	盖 	提 	县
岳普湖县	岳 	普 	湖 	县
伽师县	伽师 	县
巴楚县	巴 	楚 	县
塔什库尔干塔吉克自治县	塔 	什 	库 	尔 	干 	塔吉克 	自治县
和田地区	和田 	地区
和田市	和田 	市
和田县	和田县
墨玉县	墨玉县
皮山县	皮山县
洛浦县	洛 	浦 	县
策勒县	策勒县
于田县	于 	田 	县
民丰县	民丰 	县
伊犁哈萨克自治州	伊犁 	哈萨克 	自治州
伊宁市	伊宁市
奎屯市	奎屯 	市
伊宁县	伊宁 	县
察布查尔锡伯自治县	察 	布 	查 	尔 	锡 	伯 	自治县
霍城县	霍 	城 	县
巩留县	巩 	留 	县
新源县	新 	源 	县
昭苏县	昭 	苏 	县
特克斯县	特 	克 	斯 	县
尼勒克县	尼 	勒 	克 	县
塔城地区	塔城 	地区
塔城市	塔 	城市
乌苏市	乌 	苏 	市
额敏县	额 	敏 	县
沙湾县	沙 	湾 	县
托里县	托 	里 	县
裕民县	裕 	民 	县
和布克赛尔蒙古自治县	和 	布 	克 	赛 	尔 	蒙古 	自治县
阿勒泰地区	阿勒泰 	地区
阿勒泰市	阿勒泰 	市
布尔津县	布尔 	津 	县
富蕴县	富 	蕴 	县
福海县	福 	海 	县
哈巴河县	哈 	巴 	河 	县
青河县	青 	河 	县
吉木乃县	吉 	木 	乃 	县
自治区直辖县级行政区划	自治区 	直辖 	县级 	行政区划
石河子市	石河子市
阿拉尔市	阿 	拉 	尔 	市
图木舒克市	图 	木 	舒 	克 	市
五家渠市	五 	家 	渠 	市
